Component: ARM Compiler 5.06 update 7 (build 960) Tool: armlink [4d3601]

==============================================================================

Section Cross References

    startup_stm32f103xb.o(RESET) refers to startup_stm32f103xb.o(STACK) for __initial_sp
    startup_stm32f103xb.o(RESET) refers to startup_stm32f103xb.o(.text) for Reset_Handler
    startup_stm32f103xb.o(RESET) refers to stm32f1xx_it.o(i.NMI_Handler) for NMI_Handler
    startup_stm32f103xb.o(RESET) refers to stm32f1xx_it.o(i.HardFault_Handler) for HardFault_Handler
    startup_stm32f103xb.o(RESET) refers to stm32f1xx_it.o(i.MemManage_Handler) for MemManage_Handler
    startup_stm32f103xb.o(RESET) refers to stm32f1xx_it.o(i.BusFault_Handler) for BusFault_Handler
    startup_stm32f103xb.o(RESET) refers to stm32f1xx_it.o(i.UsageFault_Handler) for UsageFault_Handler
    startup_stm32f103xb.o(RESET) refers to port.o(.emb_text) for SVC_Handler
    startup_stm32f103xb.o(RESET) refers to stm32f1xx_it.o(i.DebugMon_Handler) for DebugMon_Handler
    startup_stm32f103xb.o(RESET) refers to cmsis_os2.o(i.SysTick_Handler) for SysTick_Handler
    startup_stm32f103xb.o(RESET) refers to stm32f1xx_it.o(i.TIM4_IRQHandler) for TIM4_IRQHandler
    startup_stm32f103xb.o(RESET) refers to stm32f1xx_it.o(i.USART1_IRQHandler) for USART1_IRQHandler
    startup_stm32f103xb.o(RESET) refers to stm32f1xx_it.o(i.USART2_IRQHandler) for USART2_IRQHandler
    startup_stm32f103xb.o(.text) refers to system_stm32f1xx.o(i.SystemInit) for SystemInit
    startup_stm32f103xb.o(.text) refers to entry.o(.ARM.Collect$$$$00000000) for __main
    buzzer.o(i.Buzzer_Init) refers to stm32f1xx_hal_gpio.o(i.HAL_GPIO_WritePin) for HAL_GPIO_WritePin
    buzzer.o(i.Buzzer_Set) refers to stm32f1xx_hal_gpio.o(i.HAL_GPIO_WritePin) for HAL_GPIO_WritePin
    buzzer.o(i.Buzzer_Toggle) refers to stm32f1xx_hal_gpio.o(i.HAL_GPIO_TogglePin) for HAL_GPIO_TogglePin
    key.o(i.key_clear_all_state) refers to key.o(.data) for .data
    key.o(i.key_clear_state) refers to key.o(.data) for .data
    key.o(i.key_get_state) refers to key.o(.data) for .data
    key.o(i.key_init) refers to key.o(.data) for .data
    key.o(i.key_scanner) refers to stm32f1xx_hal_gpio.o(i.HAL_GPIO_ReadPin) for HAL_GPIO_ReadPin
    key.o(i.key_scanner) refers to key.o(.constdata) for .constdata
    key.o(i.key_scanner) refers to key.o(.data) for .data
    key.o(i.key_scanner) refers to key.o(.bss) for .bss
    led.o(i.Led_Light) refers to stm32f1xx_hal_gpio.o(i.HAL_GPIO_WritePin) for HAL_GPIO_WritePin
    led.o(i.Led_Toggle) refers to stm32f1xx_hal_gpio.o(i.HAL_GPIO_TogglePin) for HAL_GPIO_TogglePin
    main.o(i.HAL_TIM_PeriodElapsedCallback) refers to stm32f1xx_hal.o(i.HAL_IncTick) for HAL_IncTick
    main.o(i.SystemClock_Config) refers to memseta.o(.text) for __aeabi_memclr4
    main.o(i.SystemClock_Config) refers to stm32f1xx_hal_rcc.o(i.HAL_RCC_OscConfig) for HAL_RCC_OscConfig
    main.o(i.SystemClock_Config) refers to stm32f1xx_hal_rcc.o(i.HAL_RCC_ClockConfig) for HAL_RCC_ClockConfig
    main.o(i.main) refers to stm32f1xx_hal.o(i.HAL_Init) for HAL_Init
    main.o(i.main) refers to main.o(i.SystemClock_Config) for SystemClock_Config
    main.o(i.main) refers to gpio.o(i.MX_GPIO_Init) for MX_GPIO_Init
    main.o(i.main) refers to i2c.o(i.MX_I2C1_Init) for MX_I2C1_Init
    main.o(i.main) refers to usart.o(i.MX_USART1_UART_Init) for MX_USART1_UART_Init
    main.o(i.main) refers to usart.o(i.MX_USART2_UART_Init) for MX_USART2_UART_Init
    main.o(i.main) refers to tim.o(i.MX_TIM3_Init) for MX_TIM3_Init
    main.o(i.main) refers to stm32f1xx_hal_uart.o(i.HAL_UART_Transmit) for HAL_UART_Transmit
    main.o(i.main) refers to cmsis_os2.o(i.osKernelInitialize) for osKernelInitialize
    main.o(i.main) refers to freertos.o(i.MX_FREERTOS_Init) for MX_FREERTOS_Init
    main.o(i.main) refers to cmsis_os2.o(i.osKernelStart) for osKernelStart
    main.o(i.main) refers to usart.o(.bss) for huart2
    gpio.o(i.MX_GPIO_Init) refers to stm32f1xx_hal_gpio.o(i.HAL_GPIO_WritePin) for HAL_GPIO_WritePin
    gpio.o(i.MX_GPIO_Init) refers to stm32f1xx_hal_gpio.o(i.HAL_GPIO_Init) for HAL_GPIO_Init
    freertos.o(i.MX_FREERTOS_Init) refers to cmsis_os2.o(i.osThreadNew) for osThreadNew
    freertos.o(i.MX_FREERTOS_Init) refers to freertos.o(.constdata) for .constdata
    freertos.o(i.MX_FREERTOS_Init) refers to freertos.o(i.StartDefaultTask) for StartDefaultTask
    freertos.o(i.MX_FREERTOS_Init) refers to freertos.o(.data) for .data
    freertos.o(i.MX_FREERTOS_Init) refers to freertos.o(i.StartLedBlinkTask) for StartLedBlinkTask
    freertos.o(i.MX_FREERTOS_Init) refers to freertos.o(i.StartOledTestTask) for StartOledTestTask
    freertos.o(i.StartDefaultTask) refers to key.o(i.key_init) for key_init
    freertos.o(i.StartDefaultTask) refers to buzzer.o(i.Buzzer_Init) for Buzzer_Init
[...]
    ProcessUsart1Packet                      0x080026b5   Thumb Code   176  usart.o(i.ProcessUsart1Packet)
    i.Set_Pwm                                0x08002774   Section        0  steering_engine.o(i.Set_Pwm)
    i.StartDefaultTask                       0x0800278c   Section        0  freertos.o(i.StartDefaultTask)
    i.StartLedBlinkTask                      0x08002870   Section        0  freertos.o(i.StartLedBlinkTask)
    i.StartOledTestTask                      0x08002880   Section        0  freertos.o(i.StartOledTestTask)
    i.Steering_Engine_Init                   0x08002944   Section        0  steering_engine.o(i.Steering_Engine_Init)
    i.SysTick_Handler                        0x08002960   Section        0  cmsis_os2.o(i.SysTick_Handler)
    i.SystemClock_Config                     0x0800297a   Section        0  main.o(i.SystemClock_Config)
    i.SystemInit                             0x080029d8   Section        0  system_stm32f1xx.o(i.SystemInit)
    i.TIM4_IRQHandler                        0x080029dc   Section        0  stm32f1xx_it.o(i.TIM4_IRQHandler)
    i.TIM_Base_SetConfig                     0x080029e8   Section        0  stm32f1xx_hal_tim.o(i.TIM_Base_SetConfig)
    i.TIM_CCxChannelCmd                      0x08002a60   Section        0  stm32f1xx_hal_tim.o(i.TIM_CCxChannelCmd)
    i.TIM_ETR_SetConfig                      0x08002a7a   Section        0  stm32f1xx_hal_tim.o(i.TIM_ETR_SetConfig)
    i.TIM_ITRx_SetConfig                     0x08002a8e   Section        0  stm32f1xx_hal_tim.o(i.TIM_ITRx_SetConfig)
    TIM_ITRx_SetConfig                       0x08002a8f   Thumb Code    16  stm32f1xx_hal_tim.o(i.TIM_ITRx_SetConfig)
    i.TIM_OC1_SetConfig                      0x08002aa0   Section        0  stm32f1xx_hal_tim.o(i.TIM_OC1_SetConfig)
    TIM_OC1_SetConfig                        0x08002aa1   Thumb Code    74  stm32f1xx_hal_tim.o(i.TIM_OC1_SetConfig)
    i.TIM_OC2_SetConfig                      0x08002af0   Section        0  stm32f1xx_hal_tim.o(i.TIM_OC2_SetConfig)
    i.TIM_OC3_SetConfig                      0x08002b48   Section        0  stm32f1xx_hal_tim.o(i.TIM_OC3_SetConfig)
    TIM_OC3_SetConfig                        0x08002b49   Thumb Code    82  stm32f1xx_hal_tim.o(i.TIM_OC3_SetConfig)
    i.TIM_OC4_SetConfig                      0x08002ba0   Section        0  stm32f1xx_hal_tim.o(i.TIM_OC4_SetConfig)
    TIM_OC4_SetConfig                        0x08002ba1   Thumb Code    64  stm32f1xx_hal_tim.o(i.TIM_OC4_SetConfig)
    i.TIM_TI1_ConfigInputStage               0x08002be4   Section        0  stm32f1xx_hal_tim.o(i.TIM_TI1_ConfigInputStage)
    TIM_TI1_ConfigInputStage                 0x08002be5   Thumb Code    34  stm32f1xx_hal_tim.o(i.TIM_TI1_ConfigInputStage)
    i.TIM_TI2_ConfigInputStage               0x08002c06   Section        0  stm32f1xx_hal_tim.o(i.TIM_TI2_ConfigInputStage)
    TIM_TI2_ConfigInputStage                 0x08002c07   Thumb Code    36  stm32f1xx_hal_tim.o(i.TIM_TI2_ConfigInputStage)
    i.UART_DMAAbortOnError                   0x08002c2a   Section        0  stm32f1xx_hal_uart.o(i.UART_DMAAbortOnError)
    UART_DMAAbortOnError                     0x08002c2b   Thumb Code    16  stm32f1xx_hal_uart.o(i.UART_DMAAbortOnError)
    i.UART_EndRxTransfer                     0x08002c3a   Section        0  stm32f1xx_hal_uart.o(i.UART_EndRxTransfer)
    UART_EndRxTransfer                       0x08002c3b   Thumb Code    78  stm32f1xx_hal_uart.o(i.UART_EndRxTransfer)
    i.UART_Receive_IT                        0x08002c88   Section        0  stm32f1xx_hal_uart.o(i.UART_Receive_IT)
    UART_Receive_IT                          0x08002c89   Thumb Code   194  stm32f1xx_hal_uart.o(i.UART_Receive_IT)
    i.UART_SetConfig                         0x08002d4c   Section        0  stm32f1xx_hal_uart.o(i.UART_SetConfig)
    UART_SetConfig                           0x08002d4d   Thumb Code   178  stm32f1xx_hal_uart.o(i.UART_SetConfig)
    i.UART_Start_Receive_IT                  0x08002e04   Section        0  stm32f1xx_hal_uart.o(i.UART_Start_Receive_IT)
    i.UART_WaitOnFlagUntilTimeout            0x08002e3a   Section        0  stm32f1xx_hal_uart.o(i.UART_WaitOnFlagUntilTimeout)
    UART_WaitOnFlagUntilTimeout              0x08002e3b   Thumb Code   114  stm32f1xx_hal_uart.o(i.UART_WaitOnFlagUntilTimeout)
    i.USART1_IRQHandler                      0x08002eac   Section        0  stm32f1xx_it.o(i.USART1_IRQHandler)
    i.USART1_ParsePacketByte                 0x08002eb8   Section        0  usart.o(i.USART1_ParsePacketByte)
    USART1_ParsePacketByte                   0x08002eb9   Thumb Code    66  usart.o(i.USART1_ParsePacketByte)
    i.USART1_StartReceiveIT                  0x08002f00   Section        0  usart.o(i.USART1_StartReceiveIT)
    i.USART2_IRQHandler                      0x08002f14   Section        0  stm32f1xx_it.o(i.USART2_IRQHandler)
    i.USART2_StartReceiveIT                  0x08002f20   Section        0  usart.o(i.USART2_StartReceiveIT)
    i.UsageFault_Handler                     0x08002f34   Section        0  stm32f1xx_it.o(i.UsageFault_Handler)
    i.WriteCmd                               0x08002f36   Section        0  oled.o(i.WriteCmd)
    i.WriteDat                               0x08002f3e   Section        0  oled.o(i.WriteDat)
    i.__0snprintf                            0x08002f48   Section        0  printfa.o(i.__0snprintf)
    i.__NVIC_SetPriority                     0x08002f7c   Section        0  stm32f1xx_hal_cortex.o(i.__NVIC_SetPriority)
    __NVIC_SetPriority                       0x08002f7d   Thumb Code    32  stm32f1xx_hal_cortex.o(i.__NVIC_SetPriority)
    i.__scatterload_copy                     0x08002f9c   Section       14  handlers.o(i.__scatterload_copy)
    i.__scatterload_null                     0x08002faa   Section        2  handlers.o(i.__scatterload_null)
    i.__scatterload_zeroinit                 0x08002fac   Section       14  handlers.o(i.__scatterload_zeroinit)
    i._fp_digits                             0x08002fbc   Section        0  printfa.o(i._fp_digits)
    _fp_digits                               0x08002fbd   Thumb Code   366  printfa.o(i._fp_digits)
    i._printf_core                           0x08003140   Section        0  printfa.o(i._printf_core)
    _printf_core                             0x08003141   Thumb Code  1704  printfa.o(i._printf_core)
    i._printf_post_padding                   0x080037f4   Section        0  printfa.o(i._printf_post_padding)
    _printf_post_padding                     0x080037f5   Thumb Code    36  printfa.o(i._printf_post_padding)
    i._printf_pre_padding                    0x08003818   Section        0  printfa.o(i._printf_pre_padding)
    _printf_pre_padding                      0x08003819   Thumb Code    46  printfa.o(i._printf_pre_padding)
    i._snputc                                0x08003846   Section        0  printfa.o(i._snputc)
    _snputc                                  0x08003847   Thumb Code    22  printfa.o(i._snputc)
    i.key_clear_state                        0x0800385c   Section        0  key.o(i.key_clear_state)
    i.key_get_state                          0x08003868   Section        0  key.o(i.key_get_state)
    i.key_init                               0x08003874   Section        0  key.o(i.key_init)
    i.key_scanner                            0x08003890   Section        0  key.o(i.key_scanner)
    i.main                                   0x0800391c   Section        0  main.o(i.main)
    i.osKernelInitialize                     0x08003974   Section        0  cmsis_os2.o(i.osKernelInitialize)
    i.osKernelStart                          0x08003998   Section        0  cmsis_os2.o(i.osKernelStart)
    i.osThreadNew                            0x080039d0   Section        0  cmsis_os2.o(i.osThreadNew)
    i.prvAddCurrentTaskToDelayedList         0x08003a5c   Section        0  tasks.o(i.prvAddCurrentTaskToDelayedList)
    prvAddCurrentTaskToDelayedList           0x08003a5d   Thumb Code    84  tasks.o(i.prvAddCurrentTaskToDelayedList)
    i.prvAddNewTaskToReadyList               0x08003ab8   Section        0  tasks.o(i.prvAddNewTaskToReadyList)
    prvAddNewTaskToReadyList                 0x08003ab9   Thumb Code   190  tasks.o(i.prvAddNewTaskToReadyList)
    i.prvCheckForValidListAndQueue           0x08003b88   Section        0  timers.o(i.prvCheckForValidListAndQueue)
    prvCheckForValidListAndQueue             0x08003b89   Thumb Code    72  timers.o(i.prvCheckForValidListAndQueue)
    i.prvCopyDataFromQueue                   0x08003be0   Section        0  queue.o(i.prvCopyDataFromQueue)
    prvCopyDataFromQueue                     0x08003be1   Thumb Code    38  queue.o(i.prvCopyDataFromQueue)
    i.prvCopyDataToQueue                     0x08003c06   Section        0  queue.o(i.prvCopyDataToQueue)
    prvCopyDataToQueue                       0x08003c07   Thumb Code   108  queue.o(i.prvCopyDataToQueue)
    i.prvDeleteTCB                           0x08003c72   Section        0  tasks.o(i.prvDeleteTCB)
    prvDeleteTCB                             0x08003c73   Thumb Code    52  tasks.o(i.prvDeleteTCB)
    i.prvHeapInit                            0x08003ca8   Section        0  heap_4.o(i.prvHeapInit)
    prvHeapInit                              0x08003ca9   Thumb Code    66  heap_4.o(i.prvHeapInit)
    i.prvIdleTask                            0x08003cf4   Section        0  tasks.o(i.prvIdleTask)
    prvIdleTask                              0x08003cf5   Thumb Code    82  tasks.o(i.prvIdleTask)
    i.prvInitialiseNewQueue                  0x08003d54   Section        0  queue.o(i.prvInitialiseNewQueue)
    prvInitialiseNewQueue                    0x08003d55   Thumb Code    34  queue.o(i.prvInitialiseNewQueue)
    i.prvInitialiseNewTask                   0x08003d78   Section        0  tasks.o(i.prvInitialiseNewTask)
    prvInitialiseNewTask                     0x08003d79   Thumb Code   176  tasks.o(i.prvInitialiseNewTask)
    i.prvInsertBlockIntoFreeList             0x08003e28   Section        0  heap_4.o(i.prvInsertBlockIntoFreeList)
    prvInsertBlockIntoFreeList               0x08003e29   Thumb Code    72  heap_4.o(i.prvInsertBlockIntoFreeList)
    i.prvInsertTimerInActiveList             0x08003e74   Section        0  timers.o(i.prvInsertTimerInActiveList)
    prvInsertTimerInActiveList               0x08003e75   Thumb Code    52  timers.o(i.prvInsertTimerInActiveList)
    i.prvIsQueueEmpty                        0x08003eac   Section        0  queue.o(i.prvIsQueueEmpty)
    prvIsQueueEmpty                          0x08003ead   Thumb Code    28  queue.o(i.prvIsQueueEmpty)
    i.prvProcessReceivedCommands             0x08003ec8   Section        0  timers.o(i.prvProcessReceivedCommands)
    prvProcessReceivedCommands               0x08003ec9   Thumb Code   248  timers.o(i.prvProcessReceivedCommands)
    i.prvProcessTimerOrBlockTask             0x08003fc4   Section        0  timers.o(i.prvProcessTimerOrBlockTask)
    prvProcessTimerOrBlockTask               0x08003fc5   Thumb Code   182  timers.o(i.prvProcessTimerOrBlockTask)
    i.prvResetNextTaskUnblockTime            0x08004084   Section        0  tasks.o(i.prvResetNextTaskUnblockTime)
    prvResetNextTaskUnblockTime              0x08004085   Thumb Code    26  tasks.o(i.prvResetNextTaskUnblockTime)
    i.prvSampleTimeNow                       0x080040a4   Section        0  timers.o(i.prvSampleTimeNow)
    prvSampleTimeNow                         0x080040a5   Thumb Code    36  timers.o(i.prvSampleTimeNow)
    i.prvSwitchTimerLists                    0x080040cc   Section        0  timers.o(i.prvSwitchTimerLists)
    prvSwitchTimerLists                      0x080040cd   Thumb Code   104  timers.o(i.prvSwitchTimerLists)
    i.prvTaskExitError                       0x08004138   Section        0  port.o(i.prvTaskExitError)
    prvTaskExitError                         0x08004139   Thumb Code    36  port.o(i.prvTaskExitError)
    i.prvTimerTask                           0x08004160   Section        0  timers.o(i.prvTimerTask)
    prvTimerTask                             0x08004161   Thumb Code    32  timers.o(i.prvTimerTask)
    i.prvUnlockQueue                         0x08004184   Section        0  queue.o(i.prvUnlockQueue)
    prvUnlockQueue                           0x08004185   Thumb Code   106  queue.o(i.prvUnlockQueue)
    i.pvPortMalloc                           0x080041f0   Section        0  heap_4.o(i.pvPortMalloc)
    i.pxPortInitialiseStack                  0x080042cc   Section        0  port.o(i.pxPortInitialiseStack)
    i.uxListRemove                           0x080042f0   Section        0  list.o(i.uxListRemove)
    i.vApplicationGetIdleTaskMemory          0x08004318   Section        0  cmsis_os2.o(i.vApplicationGetIdleTaskMemory)
    i.vApplicationGetTimerTaskMemory         0x0800432c   Section        0  cmsis_os2.o(i.vApplicationGetTimerTaskMemory)
    i.vListInitialise                        0x08004344   Section        0  list.o(i.vListInitialise)
    i.vListInitialiseItem                    0x0800435a   Section        0  list.o(i.vListInitialiseItem)
    i.vListInsert                            0x08004360   Section        0  list.o(i.vListInsert)
    i.vListInsertEnd                         0x08004390   Section        0  list.o(i.vListInsertEnd)
    i.vPortEnterCritical                     0x080043a8   Section        0  port.o(i.vPortEnterCritical)
    i.vPortExitCritical                      0x080043e8   Section        0  port.o(i.vPortExitCritical)
    i.vPortFree                              0x08004410   Section        0  heap_4.o(i.vPortFree)
    i.vPortSetupTimerInterrupt               0x08004474   Section        0  port.o(i.vPortSetupTimerInterrupt)
    i.vPortValidateInterruptPriority         0x08004498   Section        0  port.o(i.vPortValidateInterruptPriority)
    i.vQueueAddToRegistry                    0x080044ec   Section        0  queue.o(i.vQueueAddToRegistry)
    i.vQueueWaitForMessageRestricted         0x08004514   Section        0  queue.o(i.vQueueWaitForMessageRestricted)
    i.vTaskDelay                             0x08004558   Section        0  tasks.o(i.vTaskDelay)
    i.vTaskInternalSetTimeOutState           0x080045a4   Section        0  tasks.o(i.vTaskInternalSetTimeOutState)
    i.vTaskMissedYield                       0x080045b4   Section        0  tasks.o(i.vTaskMissedYield)
    i.vTaskPlaceOnEventList                  0x080045c0   Section        0  tasks.o(i.vTaskPlaceOnEventList)
    i.vTaskPlaceOnEventListRestricted        0x080045f0   Section        0  tasks.o(i.vTaskPlaceOnEventListRestricted)
    i.vTaskStartScheduler                    0x08004628   Section        0  tasks.o(i.vTaskStartScheduler)
    i.vTaskSuspendAll                        0x080046b0   Section        0  tasks.o(i.vTaskSuspendAll)
    i.vTaskSwitchContext                     0x080046c0   Section        0  tasks.o(i.vTaskSwitchContext)
    i.xPortStartScheduler                    0x08004724   Section        0  port.o(i.xPortStartScheduler)
    i.xPortSysTickHandler                    0x080047cc   Section        0  port.o(i.xPortSysTickHandler)
    i.xQueueGenericCreateStatic              0x080047f8   Section        0  queue.o(i.xQueueGenericCreateStatic)
    i.xQueueGenericReset                     0x08004860   Section        0  queue.o(i.xQueueGenericReset)
    i.xQueueGenericSend                      0x080048e8   Section        0  queue.o(i.xQueueGenericSend)
    i.xQueueGenericSendFromISR               0x08004a48   Section        0  queue.o(i.xQueueGenericSendFromISR)
    i.xQueueReceive                          0x08004b08   Section        0  queue.o(i.xQueueReceive)
    i.xTaskCheckForTimeOut                   0x08004c40   Section        0  tasks.o(i.xTaskCheckForTimeOut)
    i.xTaskCreate                            0x08004cb4   Section        0  tasks.o(i.xTaskCreate)
    i.xTaskCreateStatic                      0x08004d0e   Section        0  tasks.o(i.xTaskCreateStatic)
    i.xTaskGetSchedulerState                 0x08004d64   Section        0  tasks.o(i.xTaskGetSchedulerState)
    i.xTaskGetTickCount                      0x08004d80   Section        0  tasks.o(i.xTaskGetTickCount)
    i.xTaskIncrementTick                     0x08004d8c   Section        0  tasks.o(i.xTaskIncrementTick)
    i.xTaskPriorityDisinherit                0x08004e54   Section        0  tasks.o(i.xTaskPriorityDisinherit)
    i.xTaskRemoveFromEventList               0x08004ed4   Section        0  tasks.o(i.xTaskRemoveFromEventList)
    i.xTaskResumeAll                         0x08004f44   Section        0  tasks.o(i.xTaskResumeAll)
    i.xTimerCreateTimerTask                  0x08005008   Section        0  timers.o(i.xTimerCreateTimerTask)
    i.xTimerGenericCommand                   0x08005068   Section        0  timers.o(i.xTimerGenericCommand)
    .constdata                               0x080050d0   Section       20  key.o(.constdata)
    key_index                                0x080050d0   Data           6  key.o(.constdata)
    key_port                                 0x080050d8   Data          12  key.o(.constdata)
    .constdata                               0x080050e4   Section      108  freertos.o(.constdata)
    .constdata                               0x08005150   Section       18  stm32f1xx_hal_rcc.o(.constdata)
    aPredivFactorTable                       0x08005150   Data           2  stm32f1xx_hal_rcc.o(.constdata)
    aPLLMULFactorTable                       0x08005152   Data          16  stm32f1xx_hal_rcc.o(.constdata)
    .constdata                               0x08005162   Section       16  system_stm32f1xx.o(.constdata)
    .constdata                               0x08005172   Section        8  system_stm32f1xx.o(.constdata)
    .constdata                               0x0800517a   Section     2140  oled.o(.constdata)
    .conststring                             0x080059d8   Section       41  freertos.o(.conststring)
    .data                                    0x20000000   Section        8  key.o(.data)
    key_state                                0x20000000   Data           3  key.o(.data)
    scanner_period                           0x20000004   Data           4  key.o(.data)
    .data                                    0x20000008   Section       20  freertos.o(.data)
    .data                                    0x2000001c   Section        9  usart.o(.data)
    usart1_rx_byte                           0x2000001c   Data           1  usart.o(.data)
    usart2_rx_byte                           0x2000001d   Data           1  usart.o(.data)
    usart1_packet_index                      0x2000001e   Data           1  usart.o(.data)
    usart1_packet                            0x2000001f   Data           6  usart.o(.data)
    .data                                    0x20000028   Section       12  stm32f1xx_hal.o(.data)
    .data                                    0x20000034   Section        4  system_stm32f1xx.o(.data)
    .data                                    0x20000038   Section       60  tasks.o(.data)
    uxDeletedTasksWaitingCleanUp             0x2000003c   Data           4  tasks.o(.data)
    uxCurrentNumberOfTasks                   0x20000040   Data           4  tasks.o(.data)
    xTickCount                               0x20000044   Data           4  tasks.o(.data)
    uxTopReadyPriority                       0x20000048   Data           4  tasks.o(.data)
    xSchedulerRunning                        0x2000004c   Data           4  tasks.o(.data)
    xPendedTicks                             0x20000050   Data           4  tasks.o(.data)
    xYieldPending                            0x20000054   Data           4  tasks.o(.data)
    xNumOfOverflows                          0x20000058   Data           4  tasks.o(.data)
    uxTaskNumber                             0x2000005c   Data           4  tasks.o(.data)
    xNextTaskUnblockTime                     0x20000060   Data           4  tasks.o(.data)
    xIdleTaskHandle                          0x20000064   Data           4  tasks.o(.data)
    uxSchedulerSuspended                     0x20000068   Data           4  tasks.o(.data)
    pxDelayedTaskList                        0x2000006c   Data           4  tasks.o(.data)
    pxOverflowDelayedTaskList                0x20000070   Data           4  tasks.o(.data)
    .data                                    0x20000074   Section       20  timers.o(.data)
    xTimerQueue                              0x20000074   Data           4  timers.o(.data)
    xTimerTaskHandle                         0x20000078   Data           4  timers.o(.data)
    xLastTime                                0x2000007c   Data           4  timers.o(.data)
    pxCurrentTimerList                       0x20000080   Data           4  timers.o(.data)
    pxOverflowTimerList                      0x20000084   Data           4  timers.o(.data)
    .data                                    0x20000088   Section        4  cmsis_os2.o(.data)
    KernelState                              0x20000088   Data           4  cmsis_os2.o(.data)
    .data                                    0x2000008c   Section       32  heap_4.o(.data)
    pxEnd                                    0x2000008c   Data           4  heap_4.o(.data)
    xFreeBytesRemaining                      0x20000090   Data           4  heap_4.o(.data)
    xMinimumEverFreeBytesRemaining           0x20000094   Data           4  heap_4.o(.data)
    xNumberOfSuccessfulAllocations           0x20000098   Data           4  heap_4.o(.data)
    xNumberOfSuccessfulFrees                 0x2000009c   Data           4  heap_4.o(.data)
    xBlockAllocatedBit                       0x200000a0   Data           4  heap_4.o(.data)
    xStart                                   0x200000a4   Data           8  heap_4.o(.data)
    .data                                    0x200000ac   Section       12  port.o(.data)
    ucMaxSysCallPriority                     0x200000ac   Data           1  port.o(.data)
    uxCriticalNesting                        0x200000b0   Data           4  port.o(.data)
    ulMaxPRIGROUPValue                       0x200000b4   Data           4  port.o(.data)
    .bss                                     0x200000b8   Section       12  key.o(.bss)
    key_press_time                           0x200000b8   Data          12  key.o(.bss)
    .bss                                     0x200000c4   Section       84  i2c.o(.bss)
    .bss                                     0x20000118   Section       72  tim.o(.bss)
    .bss                                     0x20000160   Section      144  usart.o(.bss)
    .bss                                     0x200001f0   Section       72  stm32f1xx_hal_timebase_tim.o(.bss)
    .bss                                     0x20000238   Section       64  queue.o(.bss)
    .bss                                     0x20000278   Section     1220  tasks.o(.bss)
    pxReadyTasksLists                        0x20000278   Data        1120  tasks.o(.bss)
    xDelayedTaskList1                        0x200006d8   Data          20  tasks.o(.bss)
    xDelayedTaskList2                        0x200006ec   Data          20  tasks.o(.bss)
    xPendingReadyList                        0x20000700   Data          20  tasks.o(.bss)
    xTasksWaitingTermination                 0x20000714   Data          20  tasks.o(.bss)
    xSuspendedTaskList                       0x20000728   Data          20  tasks.o(.bss)
    .bss                                     0x2000073c   Section      280  timers.o(.bss)
    xStaticTimerQueue                        0x2000073c   Data          80  timers.o(.bss)
    ucStaticTimerQueueStorage                0x2000078c   Data         160  timers.o(.bss)
    xActiveTimerList1                        0x2000082c   Data          20  timers.o(.bss)
    xActiveTimerList2                        0x20000840   Data          20  timers.o(.bss)
    .bss                                     0x20000854   Section     1720  cmsis_os2.o(.bss)
    Idle_TCB                                 0x20000854   Data          92  cmsis_os2.o(.bss)
    Idle_Stack                               0x200008b0   Data         512  cmsis_os2.o(.bss)
    Timer_TCB                                0x20000ab0   Data          92  cmsis_os2.o(.bss)
    Timer_Stack                              0x20000b0c   Data        1024  cmsis_os2.o(.bss)
    .bss                                     0x20000f0c   Section     3072  heap_4.o(.bss)
    ucHeap                                   0x20000f0c   Data        3072  heap_4.o(.bss)
    .bss                                     0x20001b0c   Section     1024  oled.o(.bss)
    OLED_RAM                                 0x20001b0c   Data        1024  oled.o(.bss)
    STACK                                    0x20001f10   Section     2048  startup_stm32f103xb.o(STACK)

    Global Symbols

    Symbol Name                              Value     Ov Type        Size  Object(Section)

    BuildAttributes$$THM_ISAv4$P$D$K$B$S$PE$A:L22UL41UL21$X:L11$S22US41US21$IEEE1$IW$USESV6$~STKCKD$USESV7$~SHL$OSPACE$ROPI$EBA8$MICROLIB$REQ8$PRES8$EABIv2 0x00000000   Number         0  anon$$obj.o ABSOLUTE
    __ARM_use_no_argv                        0x00000000   Number         0  main.o ABSOLUTE
    _printf_a                                0x00000000   Number         0  stubs.o ABSOLUTE
    _printf_c                                0x00000000   Number         0  stubs.o ABSOLUTE
    _printf_charcount                        0x00000000   Number         0  stubs.o ABSOLUTE
    _printf_d                                0x00000000   Number         0  stubs.o ABSOLUTE
    _printf_e                                0x00000000   Number         0  stubs.o ABSOLUTE
    _printf_f                                0x00000000   Number         0  stubs.o ABSOLUTE
    _printf_flags                            0x00000000   Number         0  stubs.o ABSOLUTE
    _printf_fp_dec                           0x00000000   Number         0  stubs.o ABSOLUTE
    _printf_fp_hex                           0x00000000   Number         0  stubs.o ABSOLUTE
    _printf_g                                0x00000000   Number         0  stubs.o ABSOLUTE
    _printf_i                                0x00000000   Number         0  stubs.o ABSOLUTE
    _printf_int_dec                          0x00000000   Number         0  stubs.o ABSOLUTE
    _printf_l                                0x00000000   Number         0  stubs.o ABSOLUTE
    _printf_lc                               0x00000000   Number         0  stubs.o ABSOLUTE
    _printf_ll                               0x00000000   Number         0  stubs.o ABSOLUTE
    _printf_lld                              0x00000000   Number         0  stubs.o ABSOLUTE
    _printf_lli                              0x00000000   Number         0  stubs.o ABSOLUTE
    _printf_llo                              0x00000000   Number         0  stubs.o ABSOLUTE
    _printf_llu                              0x00000000   Number         0  stubs.o ABSOLUTE
    _printf_llx                              0x00000000   Number         0  stubs.o ABSOLUTE
    _printf_longlong_dec                     0x00000000   Number         0  stubs.o ABSOLUTE
    _printf_longlong_hex                     0x00000000   Number         0  stubs.o ABSOLUTE
    _printf_longlong_oct                     0x00000000   Number         0  stubs.o ABSOLUTE
    _printf_ls                               0x00000000   Number         0  stubs.o ABSOLUTE
    _printf_mbtowc                           0x00000000   Number         0  stubs.o ABSOLUTE
    _printf_n                                0x00000000   Number         0  stubs.o ABSOLUTE
    _printf_o                                0x00000000   Number         0  stubs.o ABSOLUTE
    _printf_p                                0x00000000   Number         0  stubs.o ABSOLUTE
    _printf_percent                          0x00000000   Number         0  stubs.o ABSOLUTE
    _printf_pre_padding                      0x00000000   Number         0  stubs.o ABSOLUTE
    _printf_return_value                     0x00000000   Number         0  stubs.o ABSOLUTE
    _printf_s                                0x00000000   Number         0  stubs.o ABSOLUTE
    _printf_sizespec                         0x00000000   Number         0  stubs.o ABSOLUTE
    _printf_str                              0x00000000   Number         0  stubs.o ABSOLUTE
    _printf_truncate_signed                  0x00000000   Number         0  stubs.o ABSOLUTE
    _printf_truncate_unsigned                0x00000000   Number         0  stubs.o ABSOLUTE
    _printf_u                                0x00000000   Number         0  stubs.o ABSOLUTE
    _printf_wc                               0x00000000   Number         0  stubs.o ABSOLUTE
    _printf_wctomb                           0x00000000   Number         0  stubs.o ABSOLUTE
    _printf_widthprec                        0x00000000   Number         0  stubs.o ABSOLUTE
    _printf_x                                0x00000000   Number         0  stubs.o ABSOLUTE
    __arm_fini_                               - Undefined Weak Reference
    __cpp_initialize__aeabi_                  - Undefined Weak Reference
    __cxa_finalize                            - Undefined Weak Reference
    __decompress                              - Undefined Weak Reference
    _clock_init                               - Undefined Weak Reference
    _microlib_exit                            - Undefined Weak Reference
    __Vectors_Size                           0x000000ec   Number         0  startup_stm32f103xb.o ABSOLUTE
    __Vectors                                0x08000000   Data           4  startup_stm32f103xb.o(RESET)
    __Vectors_End                            0x080000ec   Data           0  startup_stm32f103xb.o(RESET)
    __main                                   0x080000ed   Thumb Code     0  entry.o(.ARM.Collect$$$$00000000)
    _main_stk                                0x080000ed   Thumb Code     0  entry2.o(.ARM.Collect$$$$00000001)
    _main_scatterload                        0x080000f1   Thumb Code     0  entry5.o(.ARM.Collect$$$$00000004)
    __main_after_scatterload                 0x080000f5   Thumb Code     0  entry5.o(.ARM.Collect$$$$00000004)
    _main_clock                              0x080000f5   Thumb Code     0  entry7b.o(.ARM.Collect$$$$00000008)
    _main_cpp_init                           0x080000f5   Thumb Code     0  entry8b.o(.ARM.Collect$$$$0000000A)
    _main_init                               0x080000f5   Thumb Code     0  entry9a.o(.ARM.Collect$$$$0000000B)
    __rt_lib_shutdown_fini                   0x080000fd   Thumb Code     0  entry12b.o(.ARM.Collect$$$$0000000E)
    __rt_final_cpp                           0x08000101   Thumb Code     0  entry10a.o(.ARM.Collect$$$$0000000F)
    __rt_final_exit                          0x08000101   Thumb Code     0  entry11a.o(.ARM.Collect$$$$00000011)
    SVC_Handler                              0x08000105   Thumb Code    32  port.o(.emb_text)
    __asm___6_port_c_39a90d8d__prvStartFirstTask 0x08000129   Thumb Code    28  port.o(.emb_text)
    PendSV_Handler                           0x08000149   Thumb Code    72  port.o(.emb_text)
    vPortGetIPSR                             0x08000195   Thumb Code     6  port.o(.emb_text)
    Reset_Handler                            0x0800019d   Thumb Code     8  startup_stm32f103xb.o(.text)
    ADC1_2_IRQHandler                        0x080001b7   Thumb Code     0  startup_stm32f103xb.o(.text)
    CAN1_RX1_IRQHandler                      0x080001b7   Thumb Code     0  startup_stm32f103xb.o(.text)
    CAN1_SCE_IRQHandler                      0x080001b7   Thumb Code     0  startup_stm32f103xb.o(.text)
    DMA1_Channel1_IRQHandler                 0x080001b7   Thumb Code     0  startup_stm32f103xb.o(.text)
    DMA1_Channel2_IRQHandler                 0x080001b7   Thumb Code     0  startup_stm32f103xb.o(.text)
    DMA1_Channel3_IRQHandler                 0x080001b7   Thumb Code     0  startup_stm32f103xb.o(.text)
    DMA1_Channel4_IRQHandler                 0x080001b7   Thumb Code     0  startup_stm32f103xb.o(.text)
    DMA1_Channel5_IRQHandler                 0x080001b7   Thumb Code     0  startup_stm32f103xb.o(.text)
    DMA1_Channel6_IRQHandler                 0x080001b7   Thumb Code     0  startup_stm32f103xb.o(.text)
    DMA1_Channel7_IRQHandler                 0x080001b7   Thumb Code     0  startup_stm32f103xb.o(.text)
    EXTI0_IRQHandler                         0x080001b7   Thumb Code     0  startup_stm32f103xb.o(.text)
    EXTI15_10_IRQHandler                     0x080001b7   Thumb Code     0  startup_stm32f103xb.o(.text)
    EXTI1_IRQHandler                         0x080001b7   Thumb Code     0  startup_stm32f103xb.o(.text)
    EXTI2_IRQHandler                         0x080001b7   Thumb Code     0  startup_stm32f103xb.o(.text)
    EXTI3_IRQHandler                         0x080001b7   Thumb Code     0  startup_stm32f103xb.o(.text)
    EXTI4_IRQHandler                         0x080001b7   Thumb Code     0  startup_stm32f103xb.o(.text)
    EXTI9_5_IRQHandler                       0x080001b7   Thumb Code     0  startup_stm32f103xb.o(.text)
    FLASH_IRQHandler                         0x080001b7   Thumb Code     0  startup_stm32f103xb.o(.text)
    I2C1_ER_IRQHandler                       0x080001b7   Thumb Code     0  startup_stm32f103xb.o(.text)
    I2C1_EV_IRQHandler                       0x080001b7   Thumb Code     0  startup_stm32f103xb.o(.text)
    I2C2_ER_IRQHandler                       0x080001b7   Thumb Code     0  startup_stm32f103xb.o(.text)
    I2C2_EV_IRQHandler                       0x080001b7   Thumb Code     0  startup_stm32f103xb.o(.text)
    PVD_IRQHandler                           0x080001b7   Thumb Code     0  startup_stm32f103xb.o(.text)
    RCC_IRQHandler                           0x080001b7   Thumb Code     0  startup_stm32f103xb.o(.text)
    RTC_Alarm_IRQHandler                     0x080001b7   Thumb Code     0  startup_stm32f103xb.o(.text)
    RTC_IRQHandler                           0x080001b7   Thumb Code     0  startup_stm32f103xb.o(.text)
    SPI1_IRQHandler                          0x080001b7   Thumb Code     0  startup_stm32f103xb.o(.text)
    SPI2_IRQHandler                          0x080001b7   Thumb Code     0  startup_stm32f103xb.o(.text)
    TAMPER_IRQHandler                        0x080001b7   Thumb Code     0  startup_stm32f103xb.o(.text)
    TIM1_BRK_IRQHandler                      0x080001b7   Thumb Code     0  startup_stm32f103xb.o(.text)
    TIM1_CC_IRQHandler                       0x080001b7   Thumb Code     0  startup_stm32f103xb.o(.text)
    TIM1_TRG_COM_IRQHandler                  0x080001b7   Thumb Code     0  startup_stm32f103xb.o(.text)
    TIM1_UP_IRQHandler                       0x080001b7   Thumb Code     0  startup_stm32f103xb.o(.text)
    TIM2_IRQHandler                          0x080001b7   Thumb Code     0  startup_stm32f103xb.o(.text)
    TIM3_IRQHandler                          0x080001b7   Thumb Code     0  startup_stm32f103xb.o(.text)
    USART3_IRQHandler                        0x080001b7   Thumb Code     0  startup_stm32f103xb.o(.text)
    USBWakeUp_IRQHandler                     0x080001b7   Thumb Code     0  startup_stm32f103xb.o(.text)
    USB_HP_CAN1_TX_IRQHandler                0x080001b7   Thumb Code     0  startup_stm32f103xb.o(.text)
    USB_LP_CAN1_RX0_IRQHandler               0x080001b7   Thumb Code     0  startup_stm32f103xb.o(.text)
    WWDG_IRQHandler                          0x080001b7   Thumb Code     0  startup_stm32f103xb.o(.text)
    __aeabi_llsr                             0x080001c1   Thumb Code    32  llushr.o(.text)
    _ll_ushift_r                             0x080001c1   Thumb Code     0  llushr.o(.text)
    __aeabi_memcpy                           0x080001e1   Thumb Code    36  memcpya.o(.text)
    __aeabi_memcpy4                          0x080001e1   Thumb Code     0  memcpya.o(.text)
    __aeabi_memcpy8                          0x080001e1   Thumb Code     0  memcpya.o(.text)
    __aeabi_memset                           0x08000205   Thumb Code    14  memseta.o(.text)
    __aeabi_memset4                          0x08000205   Thumb Code     0  memseta.o(.text)
    __aeabi_memset8                          0x08000205   Thumb Code     0  memseta.o(.text)
    __aeabi_memclr                           0x08000213   Thumb Code     4  memseta.o(.text)
    __aeabi_memclr4                          0x08000213   Thumb Code     0  memseta.o(.text)
    __aeabi_memclr8                          0x08000213   Thumb Code     0  memseta.o(.text)
    memset                                   0x08000217   Thumb Code    18  memseta.o(.text)
    __aeabi_uidiv                            0x08000229   Thumb Code     0  uidiv.o(.text)
    __aeabi_uidivmod                         0x08000229   Thumb Code    44  uidiv.o(.text)
    __aeabi_uldivmod                         0x08000255   Thumb Code    98  uldiv.o(.text)
    __I$use$fp                               0x080002b7   Thumb Code     0  iusefp.o(.text)
    __aeabi_dadd                             0x080002b7   Thumb Code   322  dadd.o(.text)
    __aeabi_dsub                             0x080003f9   Thumb Code     6  dadd.o(.text)
    __aeabi_drsub                            0x080003ff   Thumb Code     6  dadd.o(.text)
    __aeabi_dmul                             0x08000405   Thumb Code   228  dmul.o(.text)
    __aeabi_ddiv                             0x080004e9   Thumb Code   222  ddiv.o(.text)
    __aeabi_d2ulz                            0x080005c7   Thumb Code    48  dfixul.o(.text)
    __aeabi_cdrcmple                         0x080005f9   Thumb Code    48  cdrcmple.o(.text)
    __scatterload                            0x08000629   Thumb Code    28  init.o(.text)
    __scatterload_rt2                        0x08000629   Thumb Code     0  init.o(.text)
    __aeabi_llsl                             0x0800064d   Thumb Code    30  llshl.o(.text)
    _ll_shift_l                              0x0800064d   Thumb Code     0  llshl.o(.text)
    __aeabi_lasr                             0x0800066b   Thumb Code    36  llsshr.o(.text)
    _ll_sshift_r                             0x0800066b   Thumb Code     0  llsshr.o(.text)
    _double_round                            0x0800068f   Thumb Code    30  depilogue.o(.text)
    _double_epilogue                         0x080006ad   Thumb Code   156  depilogue.o(.text)
    BusFault_Handler                         0x08000749   Thumb Code     2  stm32f1xx_it.o(i.BusFault_Handler)
    Buzzer_Init                              0x0800074d   Thumb Code    12  buzzer.o(i.Buzzer_Init)
    Buzzer_Set                               0x0800075d   Thumb Code    12  buzzer.o(i.Buzzer_Set)
    DebugMon_Handler                         0x0800077d   Thumb Code     2  stm32f1xx_it.o(i.DebugMon_Handler)
    Error_Handler                            0x0800077f   Thumb Code     4  main.o(i.Error_Handler)
    HAL_DMA_Abort                            0x08000783   Thumb Code    70  stm32f1xx_hal_dma.o(i.HAL_DMA_Abort)
    HAL_DMA_Abort_IT                         0x080007c9   Thumb Code   148  stm32f1xx_hal_dma.o(i.HAL_DMA_Abort_IT)
    HAL_Delay                                0x08000861   Thumb Code    32  stm32f1xx_hal.o(i.HAL_Delay)
    HAL_GPIO_Init                            0x08000885   Thumb Code   446  stm32f1xx_hal_gpio.o(i.HAL_GPIO_Init)
    HAL_GPIO_ReadPin                         0x08000a65   Thumb Code    10  stm32f1xx_hal_gpio.o(i.HAL_GPIO_ReadPin)
    HAL_GPIO_TogglePin                       0x08000a6f   Thumb Code    16  stm32f1xx_hal_gpio.o(i.HAL_GPIO_TogglePin)
    HAL_GPIO_WritePin                        0x08000a7f   Thumb Code    10  stm32f1xx_hal_gpio.o(i.HAL_GPIO_WritePin)
    HAL_GetTick                              0x08000a89   Thumb Code     6  stm32f1xx_hal.o(i.HAL_GetTick)
    HAL_I2C_Init                             0x08000a95   Thumb Code   376  stm32f1xx_hal_i2c.o(i.HAL_I2C_Init)
    HAL_I2C_Master_Transmit                  0x08000c1d   Thumb Code   290  stm32f1xx_hal_i2c.o(i.HAL_I2C_Master_Transmit)
    HAL_I2C_MspInit                          0x08000d49   Thumb Code    80  i2c.o(i.HAL_I2C_MspInit)
    HAL_I2C_WriteByte                        0x08000da5   Thumb Code    28  oled.o(i.HAL_I2C_WriteByte)
    HAL_IncTick                              0x08000dc5   Thumb Code    12  stm32f1xx_hal.o(i.HAL_IncTick)
    HAL_Init                                 0x08000dd5   Thumb Code    32  stm32f1xx_hal.o(i.HAL_Init)
    HAL_InitTick                             0x08000df9   Thumb Code   132  stm32f1xx_hal_timebase_tim.o(i.HAL_InitTick)
    HAL_MspInit                              0x08000e91   Thumb Code    62  stm32f1xx_hal_msp.o(i.HAL_MspInit)
    HAL_NVIC_EnableIRQ                       0x08000ed9   Thumb Code    26  stm32f1xx_hal_cortex.o(i.HAL_NVIC_EnableIRQ)
    HAL_NVIC_SetPriority                     0x08000ef5   Thumb Code    60  stm32f1xx_hal_cortex.o(i.HAL_NVIC_SetPriority)
    HAL_NVIC_SetPriorityGrouping             0x08000f35   Thumb Code    26  stm32f1xx_hal_cortex.o(i.HAL_NVIC_SetPriorityGrouping)
    HAL_RCC_ClockConfig                      0x08000f59   Thumb Code   280  stm32f1xx_hal_rcc.o(i.HAL_RCC_ClockConfig)
    HAL_RCC_GetClockConfig                   0x08001085   Thumb Code    54  stm32f1xx_hal_rcc.o(i.HAL_RCC_GetClockConfig)
    HAL_RCC_GetPCLK1Freq                     0x080010c5   Thumb Code    20  stm32f1xx_hal_rcc.o(i.HAL_RCC_GetPCLK1Freq)
    HAL_RCC_GetPCLK2Freq                     0x080010e5   Thumb Code    20  stm32f1xx_hal_rcc.o(i.HAL_RCC_GetPCLK2Freq)
    HAL_RCC_GetSysClockFreq                  0x08001105   Thumb Code    58  stm32f1xx_hal_rcc.o(i.HAL_RCC_GetSysClockFreq)
    HAL_RCC_OscConfig                        0x08001151   Thumb Code   778  stm32f1xx_hal_rcc.o(i.HAL_RCC_OscConfig)
    HAL_TIMEx_BreakCallback                  0x08001471   Thumb Code     2  stm32f1xx_hal_tim_ex.o(i.HAL_TIMEx_BreakCallback)
    HAL_TIMEx_CommutCallback                 0x08001473   Thumb Code     2  stm32f1xx_hal_tim_ex.o(i.HAL_TIMEx_CommutCallback)
    HAL_TIMEx_MasterConfigSynchronization    0x08001475   Thumb Code    92  stm32f1xx_hal_tim_ex.o(i.HAL_TIMEx_MasterConfigSynchronization)
    HAL_TIM_Base_Init                        0x080014dd   Thumb Code    90  stm32f1xx_hal_tim.o(i.HAL_TIM_Base_Init)
    HAL_TIM_Base_MspInit                     0x08001539   Thumb Code    30  tim.o(i.HAL_TIM_Base_MspInit)
    HAL_TIM_Base_Start_IT                    0x08001561   Thumb Code    76  stm32f1xx_hal_tim.o(i.HAL_TIM_Base_Start_IT)
    HAL_TIM_ConfigClockSource                0x080015b9   Thumb Code   220  stm32f1xx_hal_tim.o(i.HAL_TIM_ConfigClockSource)
    HAL_TIM_IC_CaptureCallback               0x08001695   Thumb Code     2  stm32f1xx_hal_tim.o(i.HAL_TIM_IC_CaptureCallback)
    HAL_TIM_IRQHandler                       0x08001697   Thumb Code   304  stm32f1xx_hal_tim.o(i.HAL_TIM_IRQHandler)
    HAL_TIM_MspPostInit                      0x080017c9   Thumb Code    62  tim.o(i.HAL_TIM_MspPostInit)
    HAL_TIM_OC_DelayElapsedCallback          0x08001815   Thumb Code     2  stm32f1xx_hal_tim.o(i.HAL_TIM_OC_DelayElapsedCallback)
    HAL_TIM_PWM_ConfigChannel                0x08001817   Thumb Code   204  stm32f1xx_hal_tim.o(i.HAL_TIM_PWM_ConfigChannel)
    HAL_TIM_PWM_Init                         0x080018e3   Thumb Code    90  stm32f1xx_hal_tim.o(i.HAL_TIM_PWM_Init)
    HAL_TIM_PWM_MspInit                      0x0800193d   Thumb Code     2  stm32f1xx_hal_tim.o(i.HAL_TIM_PWM_MspInit)
    HAL_TIM_PWM_PulseFinishedCallback        0x0800193f   Thumb Code     2  stm32f1xx_hal_tim.o(i.HAL_TIM_PWM_PulseFinishedCallback)
    HAL_TIM_PWM_Start                        0x08001941   Thumb Code   144  stm32f1xx_hal_tim.o(i.HAL_TIM_PWM_Start)
    HAL_TIM_PeriodElapsedCallback            0x080019dd   Thumb Code    14  main.o(i.HAL_TIM_PeriodElapsedCallback)
    HAL_TIM_TriggerCallback                  0x080019f1   Thumb Code     2  stm32f1xx_hal_tim.o(i.HAL_TIM_TriggerCallback)
    HAL_UARTEx_RxEventCallback               0x080019f3   Thumb Code     2  stm32f1xx_hal_uart.o(i.HAL_UARTEx_RxEventCallback)
    HAL_UART_ErrorCallback                   0x080019f5   Thumb Code     2  stm32f1xx_hal_uart.o(i.HAL_UART_ErrorCallback)
    HAL_UART_IRQHandler                      0x080019f9   Thumb Code   616  stm32f1xx_hal_uart.o(i.HAL_UART_IRQHandler)
    HAL_UART_Init                            0x08001c65   Thumb Code   100  stm32f1xx_hal_uart.o(i.HAL_UART_Init)
    HAL_UART_MspInit                         0x08001cc9   Thumb Code   198  usart.o(i.HAL_UART_MspInit)
    HAL_UART_Receive_IT                      0x08001da1   Thumb Code    28  stm32f1xx_hal_uart.o(i.HAL_UART_Receive_IT)
    HAL_UART_RxCpltCallback                  0x08001dbd   Thumb Code    84  usart.o(i.HAL_UART_RxCpltCallback)
    HAL_UART_Transmit                        0x08001e21   Thumb Code   160  stm32f1xx_hal_uart.o(i.HAL_UART_Transmit)
    HAL_UART_TxCpltCallback                  0x08001ec1   Thumb Code     2  stm32f1xx_hal_uart.o(i.HAL_UART_TxCpltCallback)
    HardFault_Handler                        0x08001ec3   Thumb Code     2  stm32f1xx_it.o(i.HardFault_Handler)
    Led_Toggle                               0x0800218d   Thumb Code     8  led.o(i.Led_Toggle)
    MX_FREERTOS_Init                         0x08002199   Thumb Code    46  freertos.o(i.MX_FREERTOS_Init)
    MX_GPIO_Init                             0x080021dd   Thumb Code   164  gpio.o(i.MX_GPIO_Init)
    MX_I2C1_Init                             0x0800228d   Thumb Code    50  i2c.o(i.MX_I2C1_Init)
    MX_TIM3_Init                             0x080022cd   Thumb Code   166  tim.o(i.MX_TIM3_Init)
    MX_USART1_UART_Init                      0x0800237d   Thumb Code    48  usart.o(i.MX_USART1_UART_Init)
    MX_USART2_UART_Init                      0x080023b5   Thumb Code    48  usart.o(i.MX_USART2_UART_Init)
    MemManage_Handler                        0x080023ed   Thumb Code     2  stm32f1xx_it.o(i.MemManage_Handler)
    NMI_Handler                              0x080023ef   Thumb Code     2  stm32f1xx_it.o(i.NMI_Handler)
    OLED_FullyClear                          0x080023f1   Thumb Code     6  oled.o(i.OLED_FullyClear)
    OLED_FullyFill                           0x080023f9   Thumb Code    36  oled.o(i.OLED_FullyFill)
    OLED_Init                                0x08002421   Thumb Code   188  oled.o(i.OLED_Init)
    OLED_RefreshRAM                          0x080024dd   Thumb Code    62  oled.o(i.OLED_RefreshRAM)
    OLED_SetFlip                             0x08002521   Thumb Code    30  oled.o(i.OLED_SetFlip)
    OLED_SetPixel                            0x08002541   Thumb Code    56  oled.o(i.OLED_SetPixel)
    OLED_ShowStr                             0x0800257d   Thumb Code   302  oled.o(i.OLED_ShowStr)
    Set_Pwm                                  0x08002775   Thumb Code    20  steering_engine.o(i.Set_Pwm)
    StartDefaultTask                         0x0800278d   Thumb Code   222  freertos.o(i.StartDefaultTask)
    StartLedBlinkTask                        0x08002871   Thumb Code    16  freertos.o(i.StartLedBlinkTask)
    StartOledTestTask                        0x08002881   Thumb Code   138  freertos.o(i.StartOledTestTask)
    Steering_Engine_Init                     0x08002945   Thumb Code    22  steering_engine.o(i.Steering_Engine_Init)
    SysTick_Handler                          0x08002961   Thumb Code    26  cmsis_os2.o(i.SysTick_Handler)
    SystemClock_Config                       0x0800297b   Thumb Code    94  main.o(i.SystemClock_Config)
    SystemInit                               0x080029d9   Thumb Code     2  system_stm32f1xx.o(i.SystemInit)
    TIM4_IRQHandler                          0x080029dd   Thumb Code     6  stm32f1xx_it.o(i.TIM4_IRQHandler)
    TIM_Base_SetConfig                       0x080029e9   Thumb Code   108  stm32f1xx_hal_tim.o(i.TIM_Base_SetConfig)
    TIM_CCxChannelCmd                        0x08002a61   Thumb Code    26  stm32f1xx_hal_tim.o(i.TIM_CCxChannelCmd)
    TIM_ETR_SetConfig                        0x08002a7b   Thumb Code    20  stm32f1xx_hal_tim.o(i.TIM_ETR_SetConfig)
    TIM_OC2_SetConfig                        0x08002af1   Thumb Code    84  stm32f1xx_hal_tim.o(i.TIM_OC2_SetConfig)
    UART_Start_Receive_IT                    0x08002e05   Thumb Code    54  stm32f1xx_hal_uart.o(i.UART_Start_Receive_IT)
    USART1_IRQHandler                        0x08002ead   Thumb Code     6  stm32f1xx_it.o(i.USART1_IRQHandler)
    USART1_StartReceiveIT                    0x08002f01   Thumb Code    10  usart.o(i.USART1_StartReceiveIT)
    USART2_IRQHandler                        0x08002f15   Thumb Code     6  stm32f1xx_it.o(i.USART2_IRQHandler)
    USART2_StartReceiveIT                    0x08002f21   Thumb Code    10  usart.o(i.USART2_StartReceiveIT)
    UsageFault_Handler                       0x08002f35   Thumb Code     2  stm32f1xx_it.o(i.UsageFault_Handler)
    WriteCmd                                 0x08002f37   Thumb Code     8  oled.o(i.WriteCmd)
    WriteDat                                 0x08002f3f   Thumb Code     8  oled.o(i.WriteDat)
    __0snprintf                              0x08002f49   Thumb Code    48  printfa.o(i.__0snprintf)
    __1snprintf                              0x08002f49   Thumb Code     0  printfa.o(i.__0snprintf)
    __2snprintf                              0x08002f49   Thumb Code     0  printfa.o(i.__0snprintf)
    __c89snprintf                            0x08002f49   Thumb Code     0  printfa.o(i.__0snprintf)
    snprintf                                 0x08002f49   Thumb Code     0  printfa.o(i.__0snprintf)
    __scatterload_copy                       0x08002f9d   Thumb Code    14  handlers.o(i.__scatterload_copy)
    __scatterload_null                       0x08002fab   Thumb Code     2  handlers.o(i.__scatterload_null)
    __scatterload_zeroinit                   0x08002fad   Thumb Code    14  handlers.o(i.__scatterload_zeroinit)
    key_clear_state                          0x0800385d   Thumb Code     8  key.o(i.key_clear_state)
    key_get_state                            0x08003869   Thumb Code     6  key.o(i.key_get_state)
    key_init                                 0x08003875   Thumb Code    22  key.o(i.key_init)
    key_scanner                              0x08003891   Thumb Code   128  key.o(i.key_scanner)
    main                                     0x0800391d   Thumb Code    66  main.o(i.main)
    osKernelInitialize                       0x08003975   Thumb Code    32  cmsis_os2.o(i.osKernelInitialize)
    osKernelStart                            0x08003999   Thumb Code    48  cmsis_os2.o(i.osKernelStart)
    osThreadNew                              0x080039d1   Thumb Code   138  cmsis_os2.o(i.osThreadNew)
    pvPortMalloc                             0x080041f1   Thumb Code   216  heap_4.o(i.pvPortMalloc)
    pxPortInitialiseStack                    0x080042cd   Thumb Code    32  port.o(i.pxPortInitialiseStack)
    uxListRemove                             0x080042f1   Thumb Code    38  list.o(i.uxListRemove)
    vApplicationGetIdleTaskMemory            0x08004319   Thumb Code    16  cmsis_os2.o(i.vApplicationGetIdleTaskMemory)
    vApplicationGetTimerTaskMemory           0x0800432d   Thumb Code    18  cmsis_os2.o(i.vApplicationGetTimerTaskMemory)
    vListInitialise                          0x08004345   Thumb Code    22  list.o(i.vListInitialise)
    vListInitialiseItem                      0x0800435b   Thumb Code     6  list.o(i.vListInitialiseItem)
    vListInsert                              0x08004361   Thumb Code    48  list.o(i.vListInsert)
    vListInsertEnd                           0x08004391   Thumb Code    24  list.o(i.vListInsertEnd)
    vPortEnterCritical                       0x080043a9   Thumb Code    54  port.o(i.vPortEnterCritical)
    vPortExitCritical                        0x080043e9   Thumb Code    34  port.o(i.vPortExitCritical)
    vPortFree                                0x08004411   Thumb Code    94  heap_4.o(i.vPortFree)
    vPortSetupTimerInterrupt                 0x08004475   Thumb Code    32  port.o(i.vPortSetupTimerInterrupt)
    vPortValidateInterruptPriority           0x08004499   Thumb Code    74  port.o(i.vPortValidateInterruptPriority)
    vQueueAddToRegistry                      0x080044ed   Thumb Code    34  queue.o(i.vQueueAddToRegistry)
    vQueueWaitForMessageRestricted           0x08004515   Thumb Code    68  queue.o(i.vQueueWaitForMessageRestricted)
    vTaskDelay                               0x08004559   Thumb Code    66  tasks.o(i.vTaskDelay)
    vTaskInternalSetTimeOutState             0x080045a5   Thumb Code    12  tasks.o(i.vTaskInternalSetTimeOutState)
    vTaskMissedYield                         0x080045b5   Thumb Code     8  tasks.o(i.vTaskMissedYield)
    vTaskPlaceOnEventList                    0x080045c1   Thumb Code    44  tasks.o(i.vTaskPlaceOnEventList)
    vTaskPlaceOnEventListRestricted          0x080045f1   Thumb Code    52  tasks.o(i.vTaskPlaceOnEventListRestricted)
    vTaskStartScheduler                      0x08004629   Thumb Code   118  tasks.o(i.vTaskStartScheduler)
    vTaskSuspendAll                          0x080046b1   Thumb Code    10  tasks.o(i.vTaskSuspendAll)
    vTaskSwitchContext                       0x080046c1   Thumb Code    90  tasks.o(i.vTaskSwitchContext)
    xPortStartScheduler                      0x08004725   Thumb Code   154  port.o(i.xPortStartScheduler)
    xPortSysTickHandler                      0x080047cd   Thumb Code    38  port.o(i.xPortSysTickHandler)
    xQueueGenericCreateStatic                0x080047f9   Thumb Code   102  queue.o(i.xQueueGenericCreateStatic)
    xQueueGenericReset                       0x08004861   Thumb Code   132  queue.o(i.xQueueGenericReset)
    xQueueGenericSend                        0x080048e9   Thumb Code   346  queue.o(i.xQueueGenericSend)
    xQueueGenericSendFromISR                 0x08004a49   Thumb Code   190  queue.o(i.xQueueGenericSendFromISR)
    xQueueReceive                            0x08004b09   Thumb Code   308  queue.o(i.xQueueReceive)
    xTaskCheckForTimeOut                     0x08004c41   Thumb Code   112  tasks.o(i.xTaskCheckForTimeOut)
    xTaskCreate                              0x08004cb5   Thumb Code    90  tasks.o(i.xTaskCreate)
    xTaskCreateStatic                        0x08004d0f   Thumb Code    86  tasks.o(i.xTaskCreateStatic)
    xTaskGetSchedulerState                   0x08004d65   Thumb Code    22  tasks.o(i.xTaskGetSchedulerState)
    xTaskGetTickCount                        0x08004d81   Thumb Code     6  tasks.o(i.xTaskGetTickCount)
    xTaskIncrementTick                       0x08004d8d   Thumb Code   192  tasks.o(i.xTaskIncrementTick)
    xTaskPriorityDisinherit                  0x08004e55   Thumb Code   118  tasks.o(i.xTaskPriorityDisinherit)
    xTaskRemoveFromEventList                 0x08004ed5   Thumb Code    98  tasks.o(i.xTaskRemoveFromEventList)
    xTaskResumeAll                           0x08004f45   Thumb Code   182  tasks.o(i.xTaskResumeAll)
    xTimerCreateTimerTask                    0x08005009   Thumb Code    78  timers.o(i.xTimerCreateTimerTask)
    xTimerGenericCommand                     0x08005069   Thumb Code    98  timers.o(i.xTimerGenericCommand)
    ledBlinkTask_attributes                  0x080050e4   Data          36  freertos.o(.constdata)
    oledTestTask_attributes                  0x08005108   Data          36  freertos.o(.constdata)
    defaultTask_attributes                   0x0800512c   Data          36  freertos.o(.constdata)
    AHBPrescTable                            0x08005162   Data          16  system_stm32f1xx.o(.constdata)
    APBPrescTable                            0x08005172   Data           8  system_stm32f1xx.o(.constdata)
    F6x8                                     0x0800517a   Data         552  oled.o(.constdata)
    F8X16                                    0x080053a2   Data        1520  oled.o(.constdata)
    F16x16_CN                                0x08005992   Data          68  oled.o(.constdata)
    Region$$Table$$Base                      0x08005a04   Number         0  anon$$obj.o(Region$$Table)
    Region$$Table$$Limit                     0x08005a24   Number         0  anon$$obj.o(Region$$Table)
    selected_servo                           0x20000008   Data           1  freertos.o(.data)
    serial_col                               0x20000009   Data           1  freertos.o(.data)
    serial_row                               0x2000000a   Data           1  freertos.o(.data)
    servo_pwm                                0x2000000c   Data           4  freertos.o(.data)
    ledBlinkTaskHandle                       0x20000010   Data           4  freertos.o(.data)
    oledTestTaskHandle                       0x20000014   Data           4  freertos.o(.data)
    defaultTaskHandle                        0x20000018   Data           4  freertos.o(.data)
    uwTickFreq                               0x20000028   Data           1  stm32f1xx_hal.o(.data)
    uwTickPrio                               0x2000002c   Data           4  stm32f1xx_hal.o(.data)
    uwTick                                   0x20000030   Data           4  stm32f1xx_hal.o(.data)
    SystemCoreClock                          0x20000034   Data           4  system_stm32f1xx.o(.data)
    pxCurrentTCB                             0x20000038   Data           4  tasks.o(.data)
    hi2c1                                    0x200000c4   Data          84  i2c.o(.bss)
    htim3                                    0x20000118   Data          72  tim.o(.bss)
    huart1                                   0x20000160   Data          72  usart.o(.bss)
    huart2                                   0x200001a8   Data          72  usart.o(.bss)
    htim4                                    0x200001f0   Data          72  stm32f1xx_hal_timebase_tim.o(.bss)
    xQueueRegistry                           0x20000238   Data          64  queue.o(.bss)
    __initial_sp                             0x20002710   Data           0  startup_stm32f103xb.o(STACK)



==============================================================================

Memory Map of the image

  Image Entry point : 0x080000ed

  Load Region LR_IROM1 (Base: 0x08000000, Size: 0x00005adc, Max: 0x00010000, ABSOLUTE)

    Execution Region ER_IROM1 (Exec base: 0x08000000, Load base: 0x08000000, Size: 0x00005a24, Max: 0x00010000, ABSOLUTE)

    Exec Addr    Load Addr    Size         Type   Attr      Idx    E Section Name        Object

    0x08000000   0x08000000   0x000000ec   Data   RO            3    RESET               startup_stm32f103xb.o
    0x080000ec   0x080000ec   0x00000000   Code   RO         5624  * .ARM.Collect$$$$00000000  mc_w.l(entry.o)
    0x080000ec   0x080000ec   0x00000004   Code   RO         5900    .ARM.Collect$$$$00000001  mc_w.l(entry2.o)
    0x080000f0   0x080000f0   0x00000004   Code   RO         5903    .ARM.Collect$$$$00000004  mc_w.l(entry5.o)
    0x080000f4   0x080000f4   0x00000000   Code   RO         5905    .ARM.Collect$$$$00000008  mc_w.l(entry7b.o)
    0x080000f4   0x080000f4   0x00000000   Code   RO         5907    .ARM.Collect$$$$0000000A  mc_w.l(entry8b.o)
    0x080000f4   0x080000f4   0x00000008   Code   RO         5908    .ARM.Collect$$$$0000000B  mc_w.l(entry9a.o)
    0x080000fc   0x080000fc   0x00000004   Code   RO         5915    .ARM.Collect$$$$0000000E  mc_w.l(entry12b.o)
    0x08000100   0x08000100   0x00000000   Code   RO         5910    .ARM.Collect$$$$0000000F  mc_w.l(entry10a.o)
    0x08000100   0x08000100   0x00000000   Code   RO         5912    .ARM.Collect$$$$00000011  mc_w.l(entry11a.o)
    0x08000100   0x08000100   0x00000004   Code   RO         5901    .ARM.Collect$$$$00002712  mc_w.l(entry2.o)
    0x08000104   0x08000104   0x00000096   Code   RO         5333    .emb_text           port.o
    0x0800019a   0x0800019a   0x00000002   PAD
    0x0800019c   0x0800019c   0x00000024   Code   RO            4    .text               startup_stm32f103xb.o
    0x080001c0   0x080001c0   0x00000020   Code   RO         5627    .text               mc_w.l(llushr.o)
    0x080001e0   0x080001e0   0x00000024   Code   RO         5629    .text               mc_w.l(memcpya.o)
    0x08000204   0x08000204   0x00000024   Code   RO         5633    .text               mc_w.l(memseta.o)
    0x08000228   0x08000228   0x0000002c   Code   RO         5917    .text               mc_w.l(uidiv.o)
    0x08000254   0x08000254   0x00000062   Code   RO         5919    .text               mc_w.l(uldiv.o)
    0x080002b6   0x080002b6   0x00000000   Code   RO         5921    .text               mc_w.l(iusefp.o)
    0x080002b6   0x080002b6   0x0000014e   Code   RO         5922    .text               mf_w.l(dadd.o)
    0x08000404   0x08000404   0x000000e4   Code   RO         5924    .text               mf_w.l(dmul.o)
    0x080004e8   0x080004e8   0x000000de   Code   RO         5926    .text               mf_w.l(ddiv.o)
    0x080005c6   0x080005c6   0x00000030   Code   RO         5928    .text               mf_w.l(dfixul.o)
    0x080005f6   0x080005f6   0x00000002   PAD
    0x080005f8   0x080005f8   0x00000030   Code   RO         5930    .text               mf_w.l(cdrcmple.o)
    0x08000628   0x08000628   0x00000024   Code   RO         5932    .text               mc_w.l(init.o)
    0x0800064c   0x0800064c   0x0000001e   Code   RO         5934    .text               mc_w.l(llshl.o)
    0x0800066a   0x0800066a   0x00000024   Code   RO         5936    .text               mc_w.l(llsshr.o)
    0x0800068e   0x0800068e   0x000000ba   Code   RO         5938    .text               mf_w.l(depilogue.o)
    0x08000748   0x08000748   0x00000002   Code   RO          692    i.BusFault_Handler  stm32f1xx_it.o
    0x0800074a   0x0800074a   0x00000002   PAD
    0x0800074c   0x0800074c   0x00000010   Code   RO           13    i.Buzzer_Init       buzzer.o
    0x0800075c   0x0800075c   0x00000010   Code   RO           14    i.Buzzer_Set        buzzer.o
    0x0800076c   0x0800076c   0x00000010   Code   RO          508    i.ClampPwm          usart.o
    0x0800077c   0x0800077c   0x00000002   Code   RO          693    i.DebugMon_Handler  stm32f1xx_it.o
    0x0800077e   0x0800077e   0x00000004   Code   RO          238    i.Error_Handler     main.o
    0x08000782   0x08000782   0x00000046   Code   RO         2221    i.HAL_DMA_Abort     stm32f1xx_hal_dma.o
    0x080007c8   0x080007c8   0x00000098   Code   RO         2222    i.HAL_DMA_Abort_IT  stm32f1xx_hal_dma.o
    0x08000860   0x08000860   0x00000024   Code   RO         1847    i.HAL_Delay         stm32f1xx_hal.o
    0x08000884   0x08000884   0x000001e0   Code   RO         2157    i.HAL_GPIO_Init     stm32f1xx_hal_gpio.o
    0x08000a64   0x08000a64   0x0000000a   Code   RO         2159    i.HAL_GPIO_ReadPin  stm32f1xx_hal_gpio.o
    0x08000a6e   0x08000a6e   0x00000010   Code   RO         2160    i.HAL_GPIO_TogglePin  stm32f1xx_hal_gpio.o
    0x08000a7e   0x08000a7e   0x0000000a   Code   RO         2161    i.HAL_GPIO_WritePin  stm32f1xx_hal_gpio.o
    0x08000a88   0x08000a88   0x0000000c   Code   RO         1851    i.HAL_GetTick       stm32f1xx_hal.o
    0x08000a94   0x08000a94   0x00000188   Code   RO         2828    i.HAL_I2C_Init      stm32f1xx_hal_i2c.o
    0x08000c1c   0x08000c1c   0x0000012c   Code   RO         2841    i.HAL_I2C_Master_Transmit  stm32f1xx_hal_i2c.o
    0x08000d48   0x08000d48   0x0000005c   Code   RO          419    i.HAL_I2C_MspInit   i2c.o
    0x08000da4   0x08000da4   0x00000020   Code   RO         5413    i.HAL_I2C_WriteByte  oled.o
    0x08000dc4   0x08000dc4   0x00000010   Code   RO         1857    i.HAL_IncTick       stm32f1xx_hal.o
    0x08000dd4   0x08000dd4   0x00000024   Code   RO         1858    i.HAL_Init          stm32f1xx_hal.o
    0x08000df8   0x08000df8   0x00000098   Code   RO          792    i.HAL_InitTick      stm32f1xx_hal_timebase_tim.o
    0x08000e90   0x08000e90   0x00000048   Code   RO          768    i.HAL_MspInit       stm32f1xx_hal_msp.o
    0x08000ed8   0x08000ed8   0x0000001a   Code   RO         2317    i.HAL_NVIC_EnableIRQ  stm32f1xx_hal_cortex.o
    0x08000ef2   0x08000ef2   0x00000002   PAD
    0x08000ef4   0x08000ef4   0x00000040   Code   RO         2323    i.HAL_NVIC_SetPriority  stm32f1xx_hal_cortex.o
    0x08000f34   0x08000f34   0x00000024   Code   RO         2324    i.HAL_NVIC_SetPriorityGrouping  stm32f1xx_hal_cortex.o
    0x08000f58   0x08000f58   0x0000012c   Code   RO         2015    i.HAL_RCC_ClockConfig  stm32f1xx_hal_rcc.o
    0x08001084   0x08001084   0x00000040   Code   RO         2019    i.HAL_RCC_GetClockConfig  stm32f1xx_hal_rcc.o
    0x080010c4   0x080010c4   0x00000020   Code   RO         2022    i.HAL_RCC_GetPCLK1Freq  stm32f1xx_hal_rcc.o
    0x080010e4   0x080010e4   0x00000020   Code   RO         2023    i.HAL_RCC_GetPCLK2Freq  stm32f1xx_hal_rcc.o
    0x08001104   0x08001104   0x0000004c   Code   RO         2024    i.HAL_RCC_GetSysClockFreq  stm32f1xx_hal_rcc.o
    0x08001150   0x08001150   0x00000320   Code   RO         2027    i.HAL_RCC_OscConfig  stm32f1xx_hal_rcc.o
    0x08001470   0x08001470   0x00000002   Code   RO         1573    i.HAL_TIMEx_BreakCallback  stm32f1xx_hal_tim_ex.o
    0x08001472   0x08001472   0x00000002   Code   RO         1574    i.HAL_TIMEx_CommutCallback  stm32f1xx_hal_tim_ex.o
    0x08001474   0x08001474   0x00000068   Code   RO         1592    i.HAL_TIMEx_MasterConfigSynchronization  stm32f1xx_hal_tim_ex.o
    0x080014dc   0x080014dc   0x0000005a   Code   RO          869    i.HAL_TIM_Base_Init  stm32f1xx_hal_tim.o
    0x08001536   0x08001536   0x00000002   PAD
    0x08001538   0x08001538   0x00000028   Code   RO          461    i.HAL_TIM_Base_MspInit  tim.o
    0x08001560   0x08001560   0x00000058   Code   RO          874    i.HAL_TIM_Base_Start_IT  stm32f1xx_hal_tim.o
    0x080015b8   0x080015b8   0x000000dc   Code   RO          878    i.HAL_TIM_ConfigClockSource  stm32f1xx_hal_tim.o
    0x08001694   0x08001694   0x00000002   Code   RO          903    i.HAL_TIM_IC_CaptureCallback  stm32f1xx_hal_tim.o
    0x08001696   0x08001696   0x00000130   Code   RO          917    i.HAL_TIM_IRQHandler  stm32f1xx_hal_tim.o
    0x080017c6   0x080017c6   0x00000002   PAD
    0x080017c8   0x080017c8   0x0000004c   Code   RO          462    i.HAL_TIM_MspPostInit  tim.o
    0x08001814   0x08001814   0x00000002   Code   RO          920    i.HAL_TIM_OC_DelayElapsedCallback  stm32f1xx_hal_tim.o
    0x08001816   0x08001816   0x000000cc   Code   RO          941    i.HAL_TIM_PWM_ConfigChannel  stm32f1xx_hal_tim.o
    0x080018e2   0x080018e2   0x0000005a   Code   RO          944    i.HAL_TIM_PWM_Init  stm32f1xx_hal_tim.o
    0x0800193c   0x0800193c   0x00000002   Code   RO          946    i.HAL_TIM_PWM_MspInit  stm32f1xx_hal_tim.o
    0x0800193e   0x0800193e   0x00000002   Code   RO          947    i.HAL_TIM_PWM_PulseFinishedCallback  stm32f1xx_hal_tim.o
    0x08001940   0x08001940   0x0000009c   Code   RO          949    i.HAL_TIM_PWM_Start  stm32f1xx_hal_tim.o
    0x080019dc   0x080019dc   0x00000014   Code   RO          239    i.HAL_TIM_PeriodElapsedCallback  main.o
    0x080019f0   0x080019f0   0x00000002   Code   RO          960    i.HAL_TIM_TriggerCallback  stm32f1xx_hal_tim.o
    0x080019f2   0x080019f2   0x00000002   Code   RO         3266    i.HAL_UARTEx_RxEventCallback  stm32f1xx_hal_uart.o
    0x080019f4   0x080019f4   0x00000002   Code   RO         3280    i.HAL_UART_ErrorCallback  stm32f1xx_hal_uart.o
    0x080019f6   0x080019f6   0x00000002   PAD
    0x080019f8   0x080019f8   0x0000026c   Code   RO         3283    i.HAL_UART_IRQHandler  stm32f1xx_hal_uart.o
    0x08001c64   0x08001c64   0x00000064   Code   RO         3284    i.HAL_UART_Init     stm32f1xx_hal_uart.o
    0x08001cc8   0x08001cc8   0x000000d8   Code   RO          510    i.HAL_UART_MspInit  usart.o
    0x08001da0   0x08001da0   0x0000001c   Code   RO         3289    i.HAL_UART_Receive_IT  stm32f1xx_hal_uart.o
    0x08001dbc   0x08001dbc   0x00000064   Code   RO          511    i.HAL_UART_RxCpltCallback  usart.o
    0x08001e20   0x08001e20   0x000000a0   Code   RO         3292    i.HAL_UART_Transmit  stm32f1xx_hal_uart.o
    0x08001ec0   0x08001ec0   0x00000002   Code   RO         3295    i.HAL_UART_TxCpltCallback  stm32f1xx_hal_uart.o
    0x08001ec2   0x08001ec2   0x00000002   Code   RO          694    i.HardFault_Handler  stm32f1xx_it.o
    0x08001ec4   0x08001ec4   0x0000002e   Code   RO         2871    i.I2C_IsAcknowledgeFailed  stm32f1xx_hal_i2c.o
    0x08001ef2   0x08001ef2   0x00000002   PAD
    0x08001ef4   0x08001ef4   0x0000009c   Code   RO         2875    i.I2C_MasterRequestWrite  stm32f1xx_hal_i2c.o
    0x08001f90   0x08001f90   0x00000056   Code   RO         2886    i.I2C_WaitOnBTFFlagUntilTimeout  stm32f1xx_hal_i2c.o
    0x08001fe6   0x08001fe6   0x00000002   PAD
    0x08001fe8   0x08001fe8   0x00000090   Code   RO         2887    i.I2C_WaitOnFlagUntilTimeout  stm32f1xx_hal_i2c.o
    0x08002078   0x08002078   0x000000bc   Code   RO         2888    i.I2C_WaitOnMasterAddressFlagUntilTimeout  stm32f1xx_hal_i2c.o
    0x08002134   0x08002134   0x00000056   Code   RO         2890    i.I2C_WaitOnTXEFlagUntilTimeout  stm32f1xx_hal_i2c.o
    0x0800218a   0x0800218a   0x00000002   PAD
    0x0800218c   0x0800218c   0x0000000c   Code   RO          203    i.Led_Toggle        led.o
    0x08002198   0x08002198   0x00000044   Code   RO          352    i.MX_FREERTOS_Init  freertos.o
    0x080021dc   0x080021dc   0x000000b0   Code   RO          328    i.MX_GPIO_Init      gpio.o
    0x0800228c   0x0800228c   0x00000040   Code   RO          420    i.MX_I2C1_Init      i2c.o
    0x080022cc   0x080022cc   0x000000b0   Code   RO          463    i.MX_TIM3_Init      tim.o
    0x0800237c   0x0800237c   0x00000038   Code   RO          512    i.MX_USART1_UART_Init  usart.o
    0x080023b4   0x080023b4   0x00000038   Code   RO          513    i.MX_USART2_UART_Init  usart.o
    0x080023ec   0x080023ec   0x00000002   Code   RO          695    i.MemManage_Handler  stm32f1xx_it.o
    0x080023ee   0x080023ee   0x00000002   Code   RO          696    i.NMI_Handler       stm32f1xx_it.o
    0x080023f0   0x080023f0   0x00000006   Code   RO         5420    i.OLED_FullyClear   oled.o
    0x080023f6   0x080023f6   0x00000002   PAD
    0x080023f8   0x080023f8   0x00000028   Code   RO         5421    i.OLED_FullyFill    oled.o
    0x08002420   0x08002420   0x000000bc   Code   RO         5425    i.OLED_Init         oled.o
    0x080024dc   0x080024dc   0x00000044   Code   RO         5429    i.OLED_RefreshRAM   oled.o
    0x08002520   0x08002520   0x0000001e   Code   RO         5430    i.OLED_SetFlip      oled.o
    0x0800253e   0x0800253e   0x00000002   PAD
    0x08002540   0x08002540   0x0000003c   Code   RO         5431    i.OLED_SetPixel     oled.o
    0x0800257c   0x0800257c   0x00000138   Code   RO         5435    i.OLED_ShowStr      oled.o
    0x080026b4   0x080026b4   0x000000c0   Code   RO          514    i.ProcessUsart1Packet  usart.o
    0x08002774   0x08002774   0x00000018   Code   RO         5597    i.Set_Pwm           steering_engine.o
    0x0800278c   0x0800278c   0x000000e4   Code   RO          353    i.StartDefaultTask  freertos.o
    0x08002870   0x08002870   0x00000010   Code   RO          354    i.StartLedBlinkTask  freertos.o
    0x08002880   0x08002880   0x000000c4   Code   RO          355    i.StartOledTestTask  freertos.o
    0x08002944   0x08002944   0x0000001c   Code   RO         5598    i.Steering_Engine_Init  steering_engine.o
    0x08002960   0x08002960   0x0000001a   Code   RO         4765    i.SysTick_Handler   cmsis_os2.o
    0x0800297a   0x0800297a   0x0000005e   Code   RO          240    i.SystemClock_Config  main.o
    0x080029d8   0x080029d8   0x00000002   Code   RO         3618    i.SystemInit        system_stm32f1xx.o
    0x080029da   0x080029da   0x00000002   PAD
    0x080029dc   0x080029dc   0x0000000c   Code   RO          697    i.TIM4_IRQHandler   stm32f1xx_it.o
    0x080029e8   0x080029e8   0x00000078   Code   RO          962    i.TIM_Base_SetConfig  stm32f1xx_hal_tim.o
    0x08002a60   0x08002a60   0x0000001a   Code   RO          963    i.TIM_CCxChannelCmd  stm32f1xx_hal_tim.o
    0x08002a7a   0x08002a7a   0x00000014   Code   RO          973    i.TIM_ETR_SetConfig  stm32f1xx_hal_tim.o
    0x08002a8e   0x08002a8e   0x00000010   Code   RO          974    i.TIM_ITRx_SetConfig  stm32f1xx_hal_tim.o
    0x08002a9e   0x08002a9e   0x00000002   PAD
    0x08002aa0   0x08002aa0   0x00000050   Code   RO          975    i.TIM_OC1_SetConfig  stm32f1xx_hal_tim.o
    0x08002af0   0x08002af0   0x00000058   Code   RO          976    i.TIM_OC2_SetConfig  stm32f1xx_hal_tim.o
    0x08002b48   0x08002b48   0x00000058   Code   RO          977    i.TIM_OC3_SetConfig  stm32f1xx_hal_tim.o
    0x08002ba0   0x08002ba0   0x00000044   Code   RO          978    i.TIM_OC4_SetConfig  stm32f1xx_hal_tim.o
    0x08002be4   0x08002be4   0x00000022   Code   RO          980    i.TIM_TI1_ConfigInputStage  stm32f1xx_hal_tim.o
    0x08002c06   0x08002c06   0x00000024   Code   RO          982    i.TIM_TI2_ConfigInputStage  stm32f1xx_hal_tim.o
    0x08002c2a   0x08002c2a   0x00000010   Code   RO         3297    i.UART_DMAAbortOnError  stm32f1xx_hal_uart.o
    0x08002c3a   0x08002c3a   0x0000004e   Code   RO         3307    i.UART_EndRxTransfer  stm32f1xx_hal_uart.o
    0x08002c88   0x08002c88   0x000000c2   Code   RO         3309    i.UART_Receive_IT   stm32f1xx_hal_uart.o
    0x08002d4a   0x08002d4a   0x00000002   PAD
    0x08002d4c   0x08002d4c   0x000000b8   Code   RO         3310    i.UART_SetConfig    stm32f1xx_hal_uart.o
    0x08002e04   0x08002e04   0x00000036   Code   RO         3312    i.UART_Start_Receive_IT  stm32f1xx_hal_uart.o
    0x08002e3a   0x08002e3a   0x00000072   Code   RO         3313    i.UART_WaitOnFlagUntilTimeout  stm32f1xx_hal_uart.o
    0x08002eac   0x08002eac   0x0000000c   Code   RO          698    i.USART1_IRQHandler  stm32f1xx_it.o
    0x08002eb8   0x08002eb8   0x00000048   Code   RO          515    i.USART1_ParsePacketByte  usart.o
    0x08002f00   0x08002f00   0x00000014   Code   RO          516    i.USART1_StartReceiveIT  usart.o
    0x08002f14   0x08002f14   0x0000000c   Code   RO          699    i.USART2_IRQHandler  stm32f1xx_it.o
    0x08002f20   0x08002f20   0x00000014   Code   RO          517    i.USART2_StartReceiveIT  usart.o
    0x08002f34   0x08002f34   0x00000002   Code   RO          700    i.UsageFault_Handler  stm32f1xx_it.o
    0x08002f36   0x08002f36   0x00000008   Code   RO         5438    i.WriteCmd          oled.o
    0x08002f3e   0x08002f3e   0x00000008   Code   RO         5439    i.WriteDat          oled.o
    0x08002f46   0x08002f46   0x00000002   PAD
    0x08002f48   0x08002f48   0x00000034   Code   RO         5871    i.__0snprintf       mc_w.l(printfa.o)
    0x08002f7c   0x08002f7c   0x00000020   Code   RO         2330    i.__NVIC_SetPriority  stm32f1xx_hal_cortex.o
    0x08002f9c   0x08002f9c   0x0000000e   Code   RO         5942    i.__scatterload_copy  mc_w.l(handlers.o)
    0x08002faa   0x08002faa   0x00000002   Code   RO         5943    i.__scatterload_null  mc_w.l(handlers.o)
    0x08002fac   0x08002fac   0x0000000e   Code   RO         5944    i.__scatterload_zeroinit  mc_w.l(handlers.o)
    0x08002fba   0x08002fba   0x00000002   PAD
    0x08002fbc   0x08002fbc   0x00000184   Code   RO         5877    i._fp_digits        mc_w.l(printfa.o)
    0x08003140   0x08003140   0x000006b4   Code   RO         5878    i._printf_core      mc_w.l(printfa.o)
    0x080037f4   0x080037f4   0x00000024   Code   RO         5879    i._printf_post_padding  mc_w.l(printfa.o)
    0x08003818   0x08003818   0x0000002e   Code   RO         5880    i._printf_pre_padding  mc_w.l(printfa.o)
    0x08003846   0x08003846   0x00000016   Code   RO         5881    i._snputc           mc_w.l(printfa.o)
    0x0800385c   0x0800385c   0x0000000c   Code   RO          151    i.key_clear_state   key.o
    0x08003868   0x08003868   0x0000000c   Code   RO          152    i.key_get_state     key.o
    0x08003874   0x08003874   0x0000001c   Code   RO          153    i.key_init          key.o
    0x08003890   0x08003890   0x0000008c   Code   RO          154    i.key_scanner       key.o
    0x0800391c   0x0800391c   0x00000058   Code   RO          241    i.main              main.o
    0x08003974   0x08003974   0x00000024   Code   RO         4781    i.osKernelInitialize  cmsis_os2.o
    0x08003998   0x08003998   0x00000038   Code   RO         4784    i.osKernelStart     cmsis_os2.o
    0x080039d0   0x080039d0   0x0000008a   Code   RO         4826    i.osThreadNew       cmsis_os2.o
    0x08003a5a   0x08003a5a   0x00000002   PAD
    0x08003a5c   0x08003a5c   0x0000005c   Code   RO         4226    i.prvAddCurrentTaskToDelayedList  tasks.o
    0x08003ab8   0x08003ab8   0x000000d0   Code   RO         4227    i.prvAddNewTaskToReadyList  tasks.o
    0x08003b88   0x08003b88   0x00000058   Code   RO         4591    i.prvCheckForValidListAndQueue  timers.o
    0x08003be0   0x08003be0   0x00000026   Code   RO         3823    i.prvCopyDataFromQueue  queue.o
    0x08003c06   0x08003c06   0x0000006c   Code   RO         3824    i.prvCopyDataToQueue  queue.o
    0x08003c72   0x08003c72   0x00000034   Code   RO         4228    i.prvDeleteTCB      tasks.o
    0x08003ca6   0x08003ca6   0x00000002   PAD
    0x08003ca8   0x08003ca8   0x0000004c   Code   RO         5278    i.prvHeapInit       heap_4.o
    0x08003cf4   0x08003cf4   0x00000060   Code   RO         4229    i.prvIdleTask       tasks.o
    0x08003d54   0x08003d54   0x00000022   Code   RO         3826    i.prvInitialiseNewQueue  queue.o
    0x08003d76   0x08003d76   0x00000002   PAD
    0x08003d78   0x08003d78   0x000000b0   Code   RO         4230    i.prvInitialiseNewTask  tasks.o
    0x08003e28   0x08003e28   0x0000004c   Code   RO         5279    i.prvInsertBlockIntoFreeList  heap_4.o
    0x08003e74   0x08003e74   0x00000038   Code   RO         4593    i.prvInsertTimerInActiveList  timers.o
    0x08003eac   0x08003eac   0x0000001c   Code   RO         3827    i.prvIsQueueEmpty   queue.o
    0x08003ec8   0x08003ec8   0x000000fc   Code   RO         4594    i.prvProcessReceivedCommands  timers.o
    0x08003fc4   0x08003fc4   0x000000c0   Code   RO         4595    i.prvProcessTimerOrBlockTask  timers.o
    0x08004084   0x08004084   0x00000020   Code   RO         4232    i.prvResetNextTaskUnblockTime  tasks.o
    0x080040a4   0x080040a4   0x00000028   Code   RO         4596    i.prvSampleTimeNow  timers.o
    0x080040cc   0x080040cc   0x0000006c   Code   RO         4597    i.prvSwitchTimerLists  timers.o
    0x08004138   0x08004138   0x00000028   Code   RO         5334    i.prvTaskExitError  port.o
    0x08004160   0x08004160   0x00000024   Code   RO         4598    i.prvTimerTask      timers.o
    0x08004184   0x08004184   0x0000006a   Code   RO         3828    i.prvUnlockQueue    queue.o
    0x080041ee   0x080041ee   0x00000002   PAD
    0x080041f0   0x080041f0   0x000000dc   Code   RO         5280    i.pvPortMalloc      heap_4.o
    0x080042cc   0x080042cc   0x00000024   Code   RO         5335    i.pxPortInitialiseStack  port.o
    0x080042f0   0x080042f0   0x00000026   Code   RO         3783    i.uxListRemove      list.o
    0x08004316   0x08004316   0x00000002   PAD
    0x08004318   0x08004318   0x00000014   Code   RO         4838    i.vApplicationGetIdleTaskMemory  cmsis_os2.o
    0x0800432c   0x0800432c   0x00000018   Code   RO         4839    i.vApplicationGetTimerTaskMemory  cmsis_os2.o
    0x08004344   0x08004344   0x00000016   Code   RO         3784    i.vListInitialise   list.o
    0x0800435a   0x0800435a   0x00000006   Code   RO         3785    i.vListInitialiseItem  list.o
    0x08004360   0x08004360   0x00000030   Code   RO         3786    i.vListInsert       list.o
    0x08004390   0x08004390   0x00000018   Code   RO         3787    i.vListInsertEnd    list.o
    0x080043a8   0x080043a8   0x00000040   Code   RO         5337    i.vPortEnterCritical  port.o
    0x080043e8   0x080043e8   0x00000028   Code   RO         5338    i.vPortExitCritical  port.o
    0x08004410   0x08004410   0x00000064   Code   RO         5281    i.vPortFree         heap_4.o
    0x08004474   0x08004474   0x00000024   Code   RO         5339    i.vPortSetupTimerInterrupt  port.o
    0x08004498   0x08004498   0x00000054   Code   RO         5340    i.vPortValidateInterruptPriority  port.o
    0x080044ec   0x080044ec   0x00000028   Code   RO         3834    i.vQueueAddToRegistry  queue.o
    0x08004514   0x08004514   0x00000044   Code   RO         3838    i.vQueueWaitForMessageRestricted  queue.o
    0x08004558   0x08004558   0x0000004c   Code   RO         4245    i.vTaskDelay        tasks.o
    0x080045a4   0x080045a4   0x00000010   Code   RO         4250    i.vTaskInternalSetTimeOutState  tasks.o
    0x080045b4   0x080045b4   0x0000000c   Code   RO         4251    i.vTaskMissedYield  tasks.o
    0x080045c0   0x080045c0   0x00000030   Code   RO         4253    i.vTaskPlaceOnEventList  tasks.o
    0x080045f0   0x080045f0   0x00000038   Code   RO         4254    i.vTaskPlaceOnEventListRestricted  tasks.o
    0x08004628   0x08004628   0x00000088   Code   RO         4262    i.vTaskStartScheduler  tasks.o
    0x080046b0   0x080046b0   0x00000010   Code   RO         4264    i.vTaskSuspendAll   tasks.o
    0x080046c0   0x080046c0   0x00000064   Code   RO         4265    i.vTaskSwitchContext  tasks.o
    0x08004724   0x08004724   0x000000a8   Code   RO         5341    i.xPortStartScheduler  port.o
    0x080047cc   0x080047cc   0x0000002c   Code   RO         5342    i.xPortSysTickHandler  port.o
    0x080047f8   0x080047f8   0x00000066   Code   RO         3844    i.xQueueGenericCreateStatic  queue.o
    0x0800485e   0x0800485e   0x00000002   PAD
    0x08004860   0x08004860   0x00000088   Code   RO         3845    i.xQueueGenericReset  queue.o
    0x080048e8   0x080048e8   0x00000160   Code   RO         3846    i.xQueueGenericSend  queue.o
    0x08004a48   0x08004a48   0x000000be   Code   RO         3847    i.xQueueGenericSendFromISR  queue.o
    0x08004b06   0x08004b06   0x00000002   PAD
    0x08004b08   0x08004b08   0x00000138   Code   RO         3856    i.xQueueReceive     queue.o
    0x08004c40   0x08004c40   0x00000074   Code   RO         4267    i.xTaskCheckForTimeOut  tasks.o
    0x08004cb4   0x08004cb4   0x0000005a   Code   RO         4268    i.xTaskCreate       tasks.o
    0x08004d0e   0x08004d0e   0x00000056   Code   RO         4269    i.xTaskCreateStatic  tasks.o
    0x08004d64   0x08004d64   0x0000001c   Code   RO         4273    i.xTaskGetSchedulerState  tasks.o
    0x08004d80   0x08004d80   0x0000000c   Code   RO         4274    i.xTaskGetTickCount  tasks.o
    0x08004d8c   0x08004d8c   0x000000c8   Code   RO         4276    i.xTaskIncrementTick  tasks.o
    0x08004e54   0x08004e54   0x00000080   Code   RO         4279    i.xTaskPriorityDisinherit  tasks.o
    0x08004ed4   0x08004ed4   0x00000070   Code   RO         4281    i.xTaskRemoveFromEventList  tasks.o
    0x08004f44   0x08004f44   0x000000c4   Code   RO         4282    i.xTaskResumeAll    tasks.o
    0x08005008   0x08005008   0x00000060   Code   RO         4607    i.xTimerCreateTimerTask  timers.o
    0x08005068   0x08005068   0x00000068   Code   RO         4608    i.xTimerGenericCommand  timers.o
    0x080050d0   0x080050d0   0x00000014   Data   RO          156    .constdata          key.o
    0x080050e4   0x080050e4   0x0000006c   Data   RO          356    .constdata          freertos.o
    0x08005150   0x08005150   0x00000012   Data   RO         2028    .constdata          stm32f1xx_hal_rcc.o
    0x08005162   0x08005162   0x00000010   Data   RO         3619    .constdata          system_stm32f1xx.o
    0x08005172   0x08005172   0x00000008   Data   RO         3620    .constdata          system_stm32f1xx.o
    0x0800517a   0x0800517a   0x0000085c   Data   RO         5441    .constdata          oled.o
    0x080059d6   0x080059d6   0x00000002   PAD
    0x080059d8   0x080059d8   0x00000029   Data   RO          357    .conststring        freertos.o
    0x08005a01   0x08005a01   0x00000003   PAD
    0x08005a04   0x08005a04   0x00000020   Data   RO         5940    Region$$Table       anon$$obj.o


    Execution Region RW_IRAM1 (Exec base: 0x20000000, Load base: 0x08005a24, Size: 0x00002710, Max: 0x00005000, ABSOLUTE)

    Exec Addr    Load Addr    Size         Type   Attr      Idx    E Section Name        Object

    0x20000000   0x08005a24   0x00000008   Data   RW          157    .data               key.o
    0x20000008   0x08005a2c   0x00000014   Data   RW          358    .data               freertos.o
    0x2000001c   0x08005a40   0x00000009   Data   RW          520    .data               usart.o
    0x20000025   0x08005a49   0x00000003   PAD
    0x20000028   0x08005a4c   0x0000000c   Data   RW         1865    .data               stm32f1xx_hal.o
    0x20000034   0x08005a58   0x00000004   Data   RW         3621    .data               system_stm32f1xx.o
    0x20000038   0x08005a5c   0x0000003c   Data   RW         4285    .data               tasks.o
    0x20000074   0x08005a98   0x00000014   Data   RW         4616    .data               timers.o
    0x20000088   0x08005aac   0x00000004   Data   RW         4841    .data               cmsis_os2.o
    0x2000008c   0x08005ab0   0x00000020   Data   RW         5287    .data               heap_4.o
    0x200000ac   0x08005ad0   0x0000000c   Data   RW         5343    .data               port.o
    0x200000b8        -       0x0000000c   Zero   RW          155    .bss                key.o
    0x200000c4        -       0x00000054   Zero   RW          421    .bss                i2c.o
    0x20000118        -       0x00000048   Zero   RW          464    .bss                tim.o
    0x20000160        -       0x00000090   Zero   RW          519    .bss                usart.o
    0x200001f0        -       0x00000048   Zero   RW          795    .bss                stm32f1xx_hal_timebase_tim.o
    0x20000238        -       0x00000040   Zero   RW         3860    .bss                queue.o
    0x20000278        -       0x000004c4   Zero   RW         4284    .bss                tasks.o
    0x2000073c        -       0x00000118   Zero   RW         4615    .bss                timers.o
    0x20000854        -       0x000006b8   Zero   RW         4840    .bss                cmsis_os2.o
    0x20000f0c        -       0x00000c00   Zero   RW         5286    .bss                heap_4.o
    0x20001b0c        -       0x00000400   Zero   RW         5440    .bss                oled.o
    0x20001f0c   0x08005adc   0x00000004   PAD
    0x20001f10        -       0x00000800   Zero   RW            1    STACK               startup_stm32f103xb.o


==============================================================================

Image component sizes


      Code (inc. data)   RO Data    RW Data    ZI Data      Debug   Object Name

        32          8          0          0          0     434655   buzzer.o
       300         22          0          4       1720      57693   cmsis_os2.o
         0          0          0          0          0      19528   event_groups.o
       508         86        149         20          0       3984   freertos.o
       176         12          0          0          0        903   gpio.o
       472         24          0         32       3072       4659   heap_4.o
       156         26          0          0         84       1561   i2c.o
       192         28         20          8         12       2507   key.o
        12          4          0          0          0        385   led.o
       138          0          0          0          0       3294   list.o
       206         28          0          0          0      13160   main.o
       752         28       2140          0       1024       6989   oled.o
       662         70          0         12          0      10525   port.o
      1514         20          0          0         64      16796   queue.o
        36          8        236          0       2048        784   startup_stm32f103xb.o
        52         10          0          0          0        997   steering_engine.o
       100         18          0         12          0       5122   stm32f1xx_hal.o
       158         14          0          0          0      28098   stm32f1xx_hal_cortex.o
       222          4          0          0          0       1719   stm32f1xx_hal_dma.o
       516         34          0          0          0       4040   stm32f1xx_hal_gpio.o
      1398         32          0          0          0       8949   stm32f1xx_hal_i2c.o
        72         10          0          0          0        834   stm32f1xx_hal_msp.o
      1304         94         18          0          0       5625   stm32f1xx_hal_rcc.o
      1738         56          0          0          0      15742   stm32f1xx_hal_tim.o
       108         12          0          0          0       2337   stm32f1xx_hal_tim_ex.o
       152         20          0          0         72       1427   stm32f1xx_hal_timebase_tim.o
      1554         10          0          0          0      10708   stm32f1xx_hal_uart.o
        48         18          0          0          0       3735   stm32f1xx_it.o
         0          0          0          0          0        392   stream_buffer.o
         2          0         24          4          0       1067   system_stm32f1xx.o
      2084        168          0         60       1220      25740   tasks.o
       292         34          0          0         72       2216   tim.o
       972         80          0         20        280      31747   timers.o
       748         92          0          9        144     361031   usart.o

    ----------------------------------------------------------------------
     16720       1070       2624        184       9816    1088949   Object Totals
         0          0         32          0          0          0   (incl. Generated)
        44          0          5          3          4          0   (incl. Padding)

    ----------------------------------------------------------------------

      Code (inc. data)   RO Data    RW Data    ZI Data      Debug   Library Member Name

         0          0          0          0          0          0   entry.o
         0          0          0          0          0          0   entry10a.o
         0          0          0          0          0          0   entry11a.o
         4          0          0          0          0          0   entry12b.o
         8          4          0          0          0          0   entry2.o
         4          0          0          0          0          0   entry5.o
         0          0          0          0          0          0   entry7b.o
         0          0          0          0          0          0   entry8b.o
         8          4          0          0          0          0   entry9a.o
        30          0          0          0          0          0   handlers.o
        36          8          0          0          0         68   init.o
         0          0          0          0          0          0   iusefp.o
        30          0          0          0          0         68   llshl.o
        36          0          0          0          0         68   llsshr.o
        32          0          0          0          0         68   llushr.o
        36          0          0          0          0         68   memcpya.o
        36          0          0          0          0        108   memseta.o
      2260         84          0          0          0        536   printfa.o
        44          0          0          0          0         80   uidiv.o
        98          0          0          0          0         92   uldiv.o
        48          0          0          0          0         68   cdrcmple.o
       334          0          0          0          0        148   dadd.o
       222          0          0          0          0        100   ddiv.o
       186          0          0          0          0        176   depilogue.o
        48          0          0          0          0         68   dfixul.o
       228          0          0          0          0         96   dmul.o

    ----------------------------------------------------------------------
      3732        100          0          0          0       1812   Library Totals
         4          0          0          0          0          0   (incl. Padding)

    ----------------------------------------------------------------------

      Code (inc. data)   RO Data    RW Data    ZI Data      Debug   Library Name

      2662        100          0          0          0       1156   mc_w.l
      1066          0          0          0          0        656   mf_w.l

    ----------------------------------------------------------------------
      3732        100          0          0          0       1812   Library Totals

    ----------------------------------------------------------------------

==============================================================================


      Code (inc. data)   RO Data    RW Data    ZI Data      Debug   

     20452       1170       2624        184       9816    1080461   Grand Totals
     20452       1170       2624        184       9816    1080461   ELF Image Totals
     20452       1170       2624        184          0          0   ROM Totals

==============================================================================

    Total RO  Size (Code + RO Data)                23076 (  22.54kB)
    Total RW  Size (RW Data + ZI Data)             10000 (   9.77kB)
    Total ROM Size (Code + RO Data + RW Data)      23260 (  22.71kB)

==============================================================================

